Archive member included to satisfy reference by file (symbol)

/usr/lib/gcc/arm-none-eabi/11.2.0/../../../../arm-none-eabi/lib/thumb/v7-m/nofp/libc_nano.a(lib_a-atexit.o)
                              /usr/lib/gcc/arm-none-eabi/11.2.0/../../../../arm-none-eabi/lib/thumb/v7-m/nofp/crt0.o (atexit)
/usr/lib/gcc/arm-none-eabi/11.2.0/../../../../arm-none-eabi/lib/thumb/v7-m/nofp/libc_nano.a(lib_a-exit.o)
                              /usr/lib/gcc/arm-none-eabi/11.2.0/../../../../arm-none-eabi/lib/thumb/v7-m/nofp/crt0.o (exit)
/usr/lib/gcc/arm-none-eabi/11.2.0/../../../../arm-none-eabi/lib/thumb/v7-m/nofp/libc_nano.a(lib_a-fini.o)
                              /usr/lib/gcc/arm-none-eabi/11.2.0/../../../../arm-none-eabi/lib/thumb/v7-m/nofp/crt0.o (__libc_fini_array)
/usr/lib/gcc/arm-none-eabi/11.2.0/../../../../arm-none-eabi/lib/thumb/v7-m/nofp/libc_nano.a(lib_a-impure.o)
                              /usr/lib/gcc/arm-none-eabi/11.2.0/../../../../arm-none-eabi/lib/thumb/v7-m/nofp/libc_nano.a(lib_a-exit.o) (_global_impure_ptr)
/usr/lib/gcc/arm-none-eabi/11.2.0/../../../../arm-none-eabi/lib/thumb/v7-m/nofp/libc_nano.a(lib_a-init.o)
                              /usr/lib/gcc/arm-none-eabi/11.2.0/../../../../arm-none-eabi/lib/thumb/v7-m/nofp/crt0.o (__libc_init_array)
/usr/lib/gcc/arm-none-eabi/11.2.0/../../../../arm-none-eabi/lib/thumb/v7-m/nofp/libc_nano.a(lib_a-memset.o)
                              /usr/lib/gcc/arm-none-eabi/11.2.0/../../../../arm-none-eabi/lib/thumb/v7-m/nofp/crt0.o (memset)
/usr/lib/gcc/arm-none-eabi/11.2.0/../../../../arm-none-eabi/lib/thumb/v7-m/nofp/libc_nano.a(lib_a-__atexit.o)
                              /usr/lib/gcc/arm-none-eabi/11.2.0/../../../../arm-none-eabi/lib/thumb/v7-m/nofp/libc_nano.a(lib_a-atexit.o) (__register_exitproc)
/usr/lib/gcc/arm-none-eabi/11.2.0/../../../../arm-none-eabi/lib/thumb/v7-m/nofp/libc_nano.a(lib_a-__call_atexit.o)
                              /usr/lib/gcc/arm-none-eabi/11.2.0/../../../../arm-none-eabi/lib/thumb/v7-m/nofp/libc_nano.a(lib_a-__atexit.o) (__call_exitprocs)
/usr/lib/gcc/arm-none-eabi/11.2.0/../../../../arm-none-eabi/lib/thumb/v7-m/nofp/libc_nano.a(lib_a-lock.o)
                              /usr/lib/gcc/arm-none-eabi/11.2.0/../../../../arm-none-eabi/lib/thumb/v7-m/nofp/libc_nano.a(lib_a-__atexit.o) (__retarget_lock_acquire_recursive)
/usr/lib/gcc/arm-none-eabi/11.2.0/../../../../arm-none-eabi/lib/thumb/v7-m/nofp/libnosys.a(_exit.o)
                              /usr/lib/gcc/arm-none-eabi/11.2.0/../../../../arm-none-eabi/lib/thumb/v7-m/nofp/libc_nano.a(lib_a-exit.o) (_exit)
/usr/lib/gcc/arm-none-eabi/11.2.0/../../../../arm-none-eabi/lib/thumb/v7-m/nofp/libc_nano.a(lib_a-memcmp.o)
                              /tmp/ccGBKDpp.ltrans0.ltrans.o (memcmp)
/usr/lib/gcc/arm-none-eabi/11.2.0/../../../../arm-none-eabi/lib/thumb/v7-m/nofp/libc_nano.a(lib_a-memcpy-stub.o)
                              /tmp/ccGBKDpp.ltrans0.ltrans.o (memcpy)
/usr/lib/gcc/arm-none-eabi/11.2.0/../../../../arm-none-eabi/lib/thumb/v7-m/nofp/libc_nano.a(lib_a-memmove.o)
                              /tmp/ccGBKDpp.ltrans0.ltrans.o (memmove)

Discarded input sections

 .text          0x0000000000000000        0x0 /usr/lib/gcc/arm-none-eabi/11.2.0/thumb/v7-m/nofp/crtfastmath.o
 .data          0x0000000000000000        0x0 /usr/lib/gcc/arm-none-eabi/11.2.0/thumb/v7-m/nofp/crtfastmath.o
 .bss           0x0000000000000000        0x0 /usr/lib/gcc/arm-none-eabi/11.2.0/thumb/v7-m/nofp/crtfastmath.o
 .debug_line    0x0000000000000000        0x0 /usr/lib/gcc/arm-none-eabi/11.2.0/thumb/v7-m/nofp/crtfastmath.o
 .debug_str     0x0000000000000000      0x171 /usr/lib/gcc/arm-none-eabi/11.2.0/thumb/v7-m/nofp/crtfastmath.o
 .comment       0x0000000000000000       0x1c /usr/lib/gcc/arm-none-eabi/11.2.0/thumb/v7-m/nofp/crtfastmath.o
 .ARM.attributes
                0x0000000000000000       0x2d /usr/lib/gcc/arm-none-eabi/11.2.0/thumb/v7-m/nofp/crtfastmath.o
 .text          0x0000000000000000        0x0 /usr/lib/gcc/arm-none-eabi/11.2.0/thumb/v7-m/nofp/crti.o
 .data          0x0000000000000000        0x0 /usr/lib/gcc/arm-none-eabi/11.2.0/thumb/v7-m/nofp/crti.o
 .bss           0x0000000000000000        0x0 /usr/lib/gcc/arm-none-eabi/11.2.0/thumb/v7-m/nofp/crti.o
 .text          0x0000000000000000        0x0 /usr/lib/gcc/arm-none-eabi/11.2.0/thumb/v7-m/nofp/crtbegin.o
 .data          0x0000000000000000        0x0 /usr/lib/gcc/arm-none-eabi/11.2.0/thumb/v7-m/nofp/crtbegin.o
 .bss           0x0000000000000000        0x0 /usr/lib/gcc/arm-none-eabi/11.2.0/thumb/v7-m/nofp/crtbegin.o
 .rodata.all_implied_fbits
                0x0000000000000000       0x24 /usr/lib/gcc/arm-none-eabi/11.2.0/thumb/v7-m/nofp/crtbegin.o
 .data.__dso_handle
                0x0000000000000000        0x4 /usr/lib/gcc/arm-none-eabi/11.2.0/thumb/v7-m/nofp/crtbegin.o
 .text          0x0000000000000000       0x70 /usr/lib/gcc/arm-none-eabi/11.2.0/../../../../arm-none-eabi/lib/thumb/v7-m/nofp/crt0.o
 .data          0x0000000000000000        0x0 /usr/lib/gcc/arm-none-eabi/11.2.0/../../../../arm-none-eabi/lib/thumb/v7-m/nofp/crt0.o
 .bss           0x0000000000000000        0x0 /usr/lib/gcc/arm-none-eabi/11.2.0/../../../../arm-none-eabi/lib/thumb/v7-m/nofp/crt0.o
 .ARM.extab     0x0000000000000000        0x0 /usr/lib/gcc/arm-none-eabi/11.2.0/../../../../arm-none-eabi/lib/thumb/v7-m/nofp/crt0.o
 .ARM.exidx     0x0000000000000000       0x10 /usr/lib/gcc/arm-none-eabi/11.2.0/../../../../arm-none-eabi/lib/thumb/v7-m/nofp/crt0.o
 .ARM.attributes
                0x0000000000000000       0x1b /usr/lib/gcc/arm-none-eabi/11.2.0/../../../../arm-none-eabi/lib/thumb/v7-m/nofp/crt0.o
 .text          0x0000000000000000       0x14 Objects/MHP30/./Core/BSP/MHP30/Startup/startup_stm32f103t8ux.o
 .data          0x0000000000000000        0x0 Objects/MHP30/./Core/BSP/MHP30/Startup/startup_stm32f103t8ux.o
 .bss           0x0000000000000000        0x0 Objects/MHP30/./Core/BSP/MHP30/Startup/startup_stm32f103t8ux.o
 .text          0x0000000000000000        0x0 /tmp/ccGBKDpp.ltrans0.ltrans.o
 .data          0x0000000000000000        0x0 /tmp/ccGBKDpp.ltrans0.ltrans.o
 .bss           0x0000000000000000        0x0 /tmp/ccGBKDpp.ltrans0.ltrans.o
 .bss.PWMSafetyTimer
                0x0000000000000000        0x2 /tmp/ccGBKDpp.ltrans0.ltrans.o
 .bss.pendingPWM
                0x0000000000000000        0x1 /tmp/ccGBKDpp.ltrans0.ltrans.o
 .text          0x0000000000000000        0x0 /usr/lib/gcc/arm-none-eabi/11.2.0/../../../../arm-none-eabi/lib/thumb/v7-m/nofp/libc_nano.a(lib_a-atexit.o)
 .data          0x0000000000000000        0x0 /usr/lib/gcc/arm-none-eabi/11.2.0/../../../../arm-none-eabi/lib/thumb/v7-m/nofp/libc_nano.a(lib_a-atexit.o)
 .bss           0x0000000000000000        0x0 /usr/lib/gcc/arm-none-eabi/11.2.0/../../../../arm-none-eabi/lib/thumb/v7-m/nofp/libc_nano.a(lib_a-atexit.o)
 .text.atexit   0x0000000000000000        0xc /usr/lib/gcc/arm-none-eabi/11.2.0/../../../../arm-none-eabi/lib/thumb/v7-m/nofp/libc_nano.a(lib_a-atexit.o)
 .comment       0x0000000000000000       0x1c /usr/lib/gcc/arm-none-eabi/11.2.0/../../../../arm-none-eabi/lib/thumb/v7-m/nofp/libc_nano.a(lib_a-atexit.o)
 .ARM.attributes
                0x0000000000000000       0x2d /usr/lib/gcc/arm-none-eabi/11.2.0/../../../../arm-none-eabi/lib/thumb/v7-m/nofp/libc_nano.a(lib_a-atexit.o)
 .text          0x0000000000000000        0x0 /usr/lib/gcc/arm-none-eabi/11.2.0/../../../../arm-none-eabi/lib/thumb/v7-m/nofp/libc_nano.a(lib_a-exit.o)
 .data          0x0000000000000000        0x0 /usr/lib/gcc/arm-none-eabi/11.2.0/../../../../arm-none-eabi/lib/thumb/v7-m/nofp/libc_nano.a(lib_a-exit.o)
 .bss           0x0000000000000000        0x0 /usr/lib/gcc/arm-none-eabi/11.2.0/../../../../arm-none-eabi/lib/thumb/v7-m/nofp/libc_nano.a(lib_a-exit.o)
 .text.exit     0x0000000000000000       0x28 /usr/lib/gcc/arm-none-eabi/11.2.0/../../../../arm-none-eabi/lib/thumb/v7-m/nofp/libc_nano.a(lib_a-exit.o)
 .comment       0x0000000000000000       0x1c /usr/lib/gcc/arm-none-eabi/11.2.0/../../../../arm-none-eabi/lib/thumb/v7-m/nofp/libc_nano.a(lib_a-exit.o)
 .ARM.attributes
                0x0000000000000000       0x2d /usr/lib/gcc/arm-none-eabi/11.2.0/../../../../arm-none-eabi/lib/thumb/v7-m/nofp/libc_nano.a(lib_a-exit.o)
 .text          0x0000000000000000        0x0 /usr/lib/gcc/arm-none-eabi/11.2.0/../../../../arm-none-eabi/lib/thumb/v7-m/nofp/libc_nano.a(lib_a-fini.o)
 .data          0x0000000000000000        0x0 /usr/lib/gcc/arm-none-eabi/11.2.0/../../../../arm-none-eabi/lib/thumb/v7-m/nofp/libc_nano.a(lib_a-fini.o)
 .bss           0x0000000000000000        0x0 /usr/lib/gcc/arm-none-eabi/11.2.0/../../../../arm-none-eabi/lib/thumb/v7-m/nofp/libc_nano.a(lib_a-fini.o)
 .text.__libc_fini_array
                0x0000000000000000       0x28 /usr/lib/gcc/arm-none-eabi/11.2.0/../../../../arm-none-eabi/lib/thumb/v7-m/nofp/libc_nano.a(lib_a-fini.o)
 .comment       0x0000000000000000       0x1c /usr/lib/gcc/arm-none-eabi/11.2.0/../../../../arm-none-eabi/lib/thumb/v7-m/nofp/libc_nano.a(lib_a-fini.o)
 .ARM.attributes
                0x0000000000000000       0x2d /usr/lib/gcc/arm-none-eabi/11.2.0/../../../../arm-none-eabi/lib/thumb/v7-m/nofp/libc_nano.a(lib_a-fini.o)
 .text          0x0000000000000000        0x0 /usr/lib/gcc/arm-none-eabi/11.2.0/../../../../arm-none-eabi/lib/thumb/v7-m/nofp/libc_nano.a(lib_a-impure.o)
 .data          0x0000000000000000        0x0 /usr/lib/gcc/arm-none-eabi/11.2.0/../../../../arm-none-eabi/lib/thumb/v7-m/nofp/libc_nano.a(lib_a-impure.o)
 .bss           0x0000000000000000        0x0 /usr/lib/gcc/arm-none-eabi/11.2.0/../../../../arm-none-eabi/lib/thumb/v7-m/nofp/libc_nano.a(lib_a-impure.o)
 .data._impure_ptr
                0x0000000000000000        0x4 /usr/lib/gcc/arm-none-eabi/11.2.0/../../../../arm-none-eabi/lib/thumb/v7-m/nofp/libc_nano.a(lib_a-impure.o)
 .data.impure_data
                0x0000000000000000       0x60 /usr/lib/gcc/arm-none-eabi/11.2.0/../../../../arm-none-eabi/lib/thumb/v7-m/nofp/libc_nano.a(lib_a-impure.o)
 .rodata._global_impure_ptr
                0x0000000000000000        0x4 /usr/lib/gcc/arm-none-eabi/11.2.0/../../../../arm-none-eabi/lib/thumb/v7-m/nofp/libc_nano.a(lib_a-impure.o)
 .comment       0x0000000000000000       0x1c /usr/lib/gcc/arm-none-eabi/11.2.0/../../../../arm-none-eabi/lib/thumb/v7-m/nofp/libc_nano.a(lib_a-impure.o)
 .ARM.attributes
                0x0000000000000000       0x2d /usr/lib/gcc/arm-none-eabi/11.2.0/../../../../arm-none-eabi/lib/thumb/v7-m/nofp/libc_nano.a(lib_a-impure.o)
 .text          0x0000000000000000        0x0 /usr/lib/gcc/arm-none-eabi/11.2.0/../../../../arm-none-eabi/lib/thumb/v7-m/nofp/libc_nano.a(lib_a-init.o)
 .data          0x0000000000000000        0x0 /usr/lib/gcc/arm-none-eabi/11.2.0/../../../../arm-none-eabi/lib/thumb/v7-m/nofp/libc_nano.a(lib_a-init.o)
 .bss           0x0000000000000000        0x0 /usr/lib/gcc/arm-none-eabi/11.2.0/../../../../arm-none-eabi/lib/thumb/v7-m/nofp/libc_nano.a(lib_a-init.o)
 .text          0x0000000000000000        0x0 /usr/lib/gcc/arm-none-eabi/11.2.0/../../../../arm-none-eabi/lib/thumb/v7-m/nofp/libc_nano.a(lib_a-memset.o)
 .data          0x0000000000000000        0x0 /usr/lib/gcc/arm-none-eabi/11.2.0/../../../../arm-none-eabi/lib/thumb/v7-m/nofp/libc_nano.a(lib_a-memset.o)
 .bss           0x0000000000000000        0x0 /usr/lib/gcc/arm-none-eabi/11.2.0/../../../../arm-none-eabi/lib/thumb/v7-m/nofp/libc_nano.a(lib_a-memset.o)
 .text          0x0000000000000000        0x0 /usr/lib/gcc/arm-none-eabi/11.2.0/../../../../arm-none-eabi/lib/thumb/v7-m/nofp/libc_nano.a(lib_a-__atexit.o)
 .data          0x0000000000000000        0x0 /usr/lib/gcc/arm-none-eabi/11.2.0/../../../../arm-none-eabi/lib/thumb/v7-m/nofp/libc_nano.a(lib_a-__atexit.o)
 .bss           0x0000000000000000        0x0 /usr/lib/gcc/arm-none-eabi/11.2.0/../../../../arm-none-eabi/lib/thumb/v7-m/nofp/libc_nano.a(lib_a-__atexit.o)
 .text.__register_exitproc
                0x0000000000000000       0xc8 /usr/lib/gcc/arm-none-eabi/11.2.0/../../../../arm-none-eabi/lib/thumb/v7-m/nofp/libc_nano.a(lib_a-__atexit.o)
 .bss._global_atexit0
                0x0000000000000000       0x8c /usr/lib/gcc/arm-none-eabi/11.2.0/../../../../arm-none-eabi/lib/thumb/v7-m/nofp/libc_nano.a(lib_a-__atexit.o)
 .data.__atexit_dummy
                0x0000000000000000        0x4 /usr/lib/gcc/arm-none-eabi/11.2.0/../../../../arm-none-eabi/lib/thumb/v7-m/nofp/libc_nano.a(lib_a-__atexit.o)
 .comment       0x0000000000000000       0x1c /usr/lib/gcc/arm-none-eabi/11.2.0/../../../../arm-none-eabi/lib/thumb/v7-m/nofp/libc_nano.a(lib_a-__atexit.o)
 .ARM.attributes
                0x0000000000000000       0x2d /usr/lib/gcc/arm-none-eabi/11.2.0/../../../../arm-none-eabi/lib/thumb/v7-m/nofp/libc_nano.a(lib_a-__atexit.o)
 .text          0x0000000000000000        0x0 /usr/lib/gcc/arm-none-eabi/11.2.0/../../../../arm-none-eabi/lib/thumb/v7-m/nofp/libc_nano.a(lib_a-__call_atexit.o)
 .data          0x0000000000000000        0x0 /usr/lib/gcc/arm-none-eabi/11.2.0/../../../../arm-none-eabi/lib/thumb/v7-m/nofp/libc_nano.a(lib_a-__call_atexit.o)
 .bss           0x0000000000000000        0x0 /usr/lib/gcc/arm-none-eabi/11.2.0/../../../../arm-none-eabi/lib/thumb/v7-m/nofp/libc_nano.a(lib_a-__call_atexit.o)
 .text.__call_exitprocs
                0x0000000000000000       0xb8 /usr/lib/gcc/arm-none-eabi/11.2.0/../../../../arm-none-eabi/lib/thumb/v7-m/nofp/libc_nano.a(lib_a-__call_atexit.o)
 .bss._global_atexit
                0x0000000000000000        0x4 /usr/lib/gcc/arm-none-eabi/11.2.0/../../../../arm-none-eabi/lib/thumb/v7-m/nofp/libc_nano.a(lib_a-__call_atexit.o)
 .data.__atexit_recursive_mutex
                0x0000000000000000        0x4 /usr/lib/gcc/arm-none-eabi/11.2.0/../../../../arm-none-eabi/lib/thumb/v7-m/nofp/libc_nano.a(lib_a-__call_atexit.o)
 .comment       0x0000000000000000       0x1c /usr/lib/gcc/arm-none-eabi/11.2.0/../../../../arm-none-eabi/lib/thumb/v7-m/nofp/libc_nano.a(lib_a-__call_atexit.o)
 .ARM.attributes
                0x0000000000000000       0x2d /usr/lib/gcc/arm-none-eabi/11.2.0/../../../../arm-none-eabi/lib/thumb/v7-m/nofp/libc_nano.a(lib_a-__call_atexit.o)
 .text          0x0000000000000000        0x0 /usr/lib/gcc/arm-none-eabi/11.2.0/../../../../arm-none-eabi/lib/thumb/v7-m/nofp/libc_nano.a(lib_a-lock.o)
 .data          0x0000000000000000        0x0 /usr/lib/gcc/arm-none-eabi/11.2.0/../../../../arm-none-eabi/lib/thumb/v7-m/nofp/libc_nano.a(lib_a-lock.o)
 .bss           0x0000000000000000        0x0 /usr/lib/gcc/arm-none-eabi/11.2.0/../../../../arm-none-eabi/lib/thumb/v7-m/nofp/libc_nano.a(lib_a-lock.o)
 .text.__retarget_lock_init
                0x0000000000000000        0x2 /usr/lib/gcc/arm-none-eabi/11.2.0/../../../../arm-none-eabi/lib/thumb/v7-m/nofp/libc_nano.a(lib_a-lock.o)
 .text.__retarget_lock_init_recursive
                0x0000000000000000        0x2 /usr/lib/gcc/arm-none-eabi/11.2.0/../../../../arm-none-eabi/lib/thumb/v7-m/nofp/libc_nano.a(lib_a-lock.o)
 .text.__retarget_lock_close
                0x0000000000000000        0x2 /usr/lib/gcc/arm-none-eabi/11.2.0/../../../../arm-none-eabi/lib/thumb/v7-m/nofp/libc_nano.a(lib_a-lock.o)
 .text.__retarget_lock_close_recursive
                0x0000000000000000        0x2 /usr/lib/gcc/arm-none-eabi/11.2.0/../../../../arm-none-eabi/lib/thumb/v7-m/nofp/libc_nano.a(lib_a-lock.o)
 .text.__retarget_lock_acquire
                0x0000000000000000        0x2 /usr/lib/gcc/arm-none-eabi/11.2.0/../../../../arm-none-eabi/lib/thumb/v7-m/nofp/libc_nano.a(lib_a-lock.o)
 .text.__retarget_lock_acquire_recursive
                0x0000000000000000        0x2 /usr/lib/gcc/arm-none-eabi/11.2.0/../../../../arm-none-eabi/lib/thumb/v7-m/nofp/libc_nano.a(lib_a-lock.o)
 .text.__retarget_lock_try_acquire
                0x0000000000000000        0x4 /usr/lib/gcc/arm-none-eabi/11.2.0/../../../../arm-none-eabi/lib/thumb/v7-m/nofp/libc_nano.a(lib_a-lock.o)
 .text.__retarget_lock_try_acquire_recursive
                0x0000000000000000        0x4 /usr/lib/gcc/arm-none-eabi/11.2.0/../../../../arm-none-eabi/lib/thumb/v7-m/nofp/libc_nano.a(lib_a-lock.o)
 .text.__retarget_lock_release
                0x0000000000000000        0x2 /usr/lib/gcc/arm-none-eabi/11.2.0/../../../../arm-none-eabi/lib/thumb/v7-m/nofp/libc_nano.a(lib_a-lock.o)
 .text.__retarget_lock_release_recursive
                0x0000000000000000        0x2 /usr/lib/gcc/arm-none-eabi/11.2.0/../../../../arm-none-eabi/lib/thumb/v7-m/nofp/libc_nano.a(lib_a-lock.o)
 .bss.__lock___arc4random_mutex
                0x0000000000000000        0x1 /usr/lib/gcc/arm-none-eabi/11.2.0/../../../../arm-none-eabi/lib/thumb/v7-m/nofp/libc_nano.a(lib_a-lock.o)
 .bss.__lock___at_quick_exit_mutex
                0x0000000000000000        0x1 /usr/lib/gcc/arm-none-eabi/11.2.0/../../../../arm-none-eabi/lib/thumb/v7-m/nofp/libc_nano.a(lib_a-lock.o)
 .bss.__lock___atexit_recursive_mutex
                0x0000000000000000        0x1 /usr/lib/gcc/arm-none-eabi/11.2.0/../../../../arm-none-eabi/lib/thumb/v7-m/nofp/libc_nano.a(lib_a-lock.o)
 .bss.__lock___dd_hash_mutex
                0x0000000000000000        0x1 /usr/lib/gcc/arm-none-eabi/11.2.0/../../../../arm-none-eabi/lib/thumb/v7-m/nofp/libc_nano.a(lib_a-lock.o)
 .bss.__lock___env_recursive_mutex
                0x0000000000000000        0x1 /usr/lib/gcc/arm-none-eabi/11.2.0/../../../../arm-none-eabi/lib/thumb/v7-m/nofp/libc_nano.a(lib_a-lock.o)
 .bss.__lock___malloc_recursive_mutex
                0x0000000000000000        0x1 /usr/lib/gcc/arm-none-eabi/11.2.0/../../../../arm-none-eabi/lib/thumb/v7-m/nofp/libc_nano.a(lib_a-lock.o)
 .bss.__lock___sfp_recursive_mutex
                0x0000000000000000        0x1 /usr/lib/gcc/arm-none-eabi/11.2.0/../../../../arm-none-eabi/lib/thumb/v7-m/nofp/libc_nano.a(lib_a-lock.o)
 .bss.__lock___sinit_recursive_mutex
                0x0000000000000000        0x1 /usr/lib/gcc/arm-none-eabi/11.2.0/../../../../arm-none-eabi/lib/thumb/v7-m/nofp/libc_nano.a(lib_a-lock.o)
 .bss.__lock___tz_mutex
                0x0000000000000000        0x1 /usr/lib/gcc/arm-none-eabi/11.2.0/../../../../arm-none-eabi/lib/thumb/v7-m/nofp/libc_nano.a(lib_a-lock.o)
 .comment       0x0000000000000000       0x1c /usr/lib/gcc/arm-none-eabi/11.2.0/../../../../arm-none-eabi/lib/thumb/v7-m/nofp/libc_nano.a(lib_a-lock.o)
 .ARM.attributes
                0x0000000000000000       0x2d /usr/lib/gcc/arm-none-eabi/11.2.0/../../../../arm-none-eabi/lib/thumb/v7-m/nofp/libc_nano.a(lib_a-lock.o)
 .text          0x0000000000000000        0x0 /usr/lib/gcc/arm-none-eabi/11.2.0/../../../../arm-none-eabi/lib/thumb/v7-m/nofp/libc_nano.a(lib_a-memcmp.o)
 .data          0x0000000000000000        0x0 /usr/lib/gcc/arm-none-eabi/11.2.0/../../../../arm-none-eabi/lib/thumb/v7-m/nofp/libc_nano.a(lib_a-memcmp.o)
 .bss           0x0000000000000000        0x0 /usr/lib/gcc/arm-none-eabi/11.2.0/../../../../arm-none-eabi/lib/thumb/v7-m/nofp/libc_nano.a(lib_a-memcmp.o)
 .text          0x0000000000000000        0x0 /usr/lib/gcc/arm-none-eabi/11.2.0/../../../../arm-none-eabi/lib/thumb/v7-m/nofp/libc_nano.a(lib_a-memcpy-stub.o)
 .data          0x0000000000000000        0x0 /usr/lib/gcc/arm-none-eabi/11.2.0/../../../../arm-none-eabi/lib/thumb/v7-m/nofp/libc_nano.a(lib_a-memcpy-stub.o)
 .bss           0x0000000000000000        0x0 /usr/lib/gcc/arm-none-eabi/11.2.0/../../../../arm-none-eabi/lib/thumb/v7-m/nofp/libc_nano.a(lib_a-memcpy-stub.o)
 .text          0x0000000000000000        0x0 /usr/lib/gcc/arm-none-eabi/11.2.0/../../../../arm-none-eabi/lib/thumb/v7-m/nofp/libc_nano.a(lib_a-memmove.o)
 .data          0x0000000000000000        0x0 /usr/lib/gcc/arm-none-eabi/11.2.0/../../../../arm-none-eabi/lib/thumb/v7-m/nofp/libc_nano.a(lib_a-memmove.o)
 .bss           0x0000000000000000        0x0 /usr/lib/gcc/arm-none-eabi/11.2.0/../../../../arm-none-eabi/lib/thumb/v7-m/nofp/libc_nano.a(lib_a-memmove.o)
 .text          0x0000000000000000        0x0 /usr/lib/gcc/arm-none-eabi/11.2.0/../../../../arm-none-eabi/lib/thumb/v7-m/nofp/libnosys.a(_exit.o)
 .data          0x0000000000000000        0x0 /usr/lib/gcc/arm-none-eabi/11.2.0/../../../../arm-none-eabi/lib/thumb/v7-m/nofp/libnosys.a(_exit.o)
 .bss           0x0000000000000000        0x0 /usr/lib/gcc/arm-none-eabi/11.2.0/../../../../arm-none-eabi/lib/thumb/v7-m/nofp/libnosys.a(_exit.o)
 .text._exit    0x0000000000000000        0x4 /usr/lib/gcc/arm-none-eabi/11.2.0/../../../../arm-none-eabi/lib/thumb/v7-m/nofp/libnosys.a(_exit.o)
 .comment       0x0000000000000000       0x1c /usr/lib/gcc/arm-none-eabi/11.2.0/../../../../arm-none-eabi/lib/thumb/v7-m/nofp/libnosys.a(_exit.o)
 .ARM.attributes
                0x0000000000000000       0x2d /usr/lib/gcc/arm-none-eabi/11.2.0/../../../../arm-none-eabi/lib/thumb/v7-m/nofp/libnosys.a(_exit.o)
 .text          0x0000000000000000        0x0 /usr/lib/gcc/arm-none-eabi/11.2.0/thumb/v7-m/nofp/crtend.o
 .data          0x0000000000000000        0x0 /usr/lib/gcc/arm-none-eabi/11.2.0/thumb/v7-m/nofp/crtend.o
 .bss           0x0000000000000000        0x0 /usr/lib/gcc/arm-none-eabi/11.2.0/thumb/v7-m/nofp/crtend.o
 .rodata.all_implied_fbits
                0x0000000000000000       0x24 /usr/lib/gcc/arm-none-eabi/11.2.0/thumb/v7-m/nofp/crtend.o
 .eh_frame      0x0000000000000000        0x4 /usr/lib/gcc/arm-none-eabi/11.2.0/thumb/v7-m/nofp/crtend.o
 .comment       0x0000000000000000       0x1c /usr/lib/gcc/arm-none-eabi/11.2.0/thumb/v7-m/nofp/crtend.o
 .ARM.attributes
                0x0000000000000000       0x2d /usr/lib/gcc/arm-none-eabi/11.2.0/thumb/v7-m/nofp/crtend.o
 .text          0x0000000000000000        0x0 /usr/lib/gcc/arm-none-eabi/11.2.0/thumb/v7-m/nofp/crtn.o
 .data          0x0000000000000000        0x0 /usr/lib/gcc/arm-none-eabi/11.2.0/thumb/v7-m/nofp/crtn.o
 .bss           0x0000000000000000        0x0 /usr/lib/gcc/arm-none-eabi/11.2.0/thumb/v7-m/nofp/crtn.o

Memory Configuration

Name             Origin             Length             Attributes
RAM              0x0000000020000000 0x0000000000005000 xrw
ROM              0x0000000008008000 0x0000000000017800 xr
*default*        0x0000000000000000 0xffffffffffffffff

Linker script and memory map

LOAD /usr/lib/gcc/arm-none-eabi/11.2.0/thumb/v7-m/nofp/crtfastmath.o
LOAD /usr/lib/gcc/arm-none-eabi/11.2.0/thumb/v7-m/nofp/crti.o
LOAD /usr/lib/gcc/arm-none-eabi/11.2.0/thumb/v7-m/nofp/crtbegin.o
LOAD /usr/lib/gcc/arm-none-eabi/11.2.0/../../../../arm-none-eabi/lib/thumb/v7-m/nofp/crt0.o
LOAD Objects/MHP30/./Core/BSP/MHP30/Startup/startup_stm32f103t8ux.o
LOAD Objects/MHP30/./Core/Src/freertos.o
LOAD /tmp/ccGBKDpp.ltrans0.ltrans.o
LOAD Objects/MHP30/./Core/Src/FreeRTOSHooks.o
LOAD Objects/MHP30/./Core/Src/syscalls.o
LOAD Objects/MHP30/./Core/BSP/MHP30/flash.o
LOAD Objects/MHP30/./Core/BSP/MHP30/port.o
LOAD Objects/MHP30/./Core/BSP/MHP30/Setup.o
LOAD Objects/MHP30/./Core/BSP/MHP30/stm32f1xx_hal_msp.o
LOAD Objects/MHP30/./Core/BSP/MHP30/stm32f1xx_hal_timebase_TIM.o
LOAD Objects/MHP30/./Core/BSP/MHP30/stm32f1xx_it.o
LOAD Objects/MHP30/./Core/BSP/MHP30/system_stm32f1xx.o
LOAD Objects/MHP30/./Core/BSP/MHP30/Vendor/STM32F1xx_HAL_Driver/Src/stm32f1xx_hal.o
LOAD Objects/MHP30/./Core/BSP/MHP30/Vendor/STM32F1xx_HAL_Driver/Src/stm32f1xx_hal_adc.o
LOAD Objects/MHP30/./Core/BSP/MHP30/Vendor/STM32F1xx_HAL_Driver/Src/stm32f1xx_hal_adc_ex.o
LOAD Objects/MHP30/./Core/BSP/MHP30/Vendor/STM32F1xx_HAL_Driver/Src/stm32f1xx_hal_cortex.o
LOAD Objects/MHP30/./Core/BSP/MHP30/Vendor/STM32F1xx_HAL_Driver/Src/stm32f1xx_hal_dma.o
LOAD Objects/MHP30/./Core/BSP/MHP30/Vendor/STM32F1xx_HAL_Driver/Src/stm32f1xx_hal_exti.o
LOAD Objects/MHP30/./Core/BSP/MHP30/Vendor/STM32F1xx_HAL_Driver/Src/stm32f1xx_hal_flash.o
LOAD Objects/MHP30/./Core/BSP/MHP30/Vendor/STM32F1xx_HAL_Driver/Src/stm32f1xx_hal_flash_ex.o
LOAD Objects/MHP30/./Core/BSP/MHP30/Vendor/STM32F1xx_HAL_Driver/Src/stm32f1xx_hal_gpio.o
LOAD Objects/MHP30/./Core/BSP/MHP30/Vendor/STM32F1xx_HAL_Driver/Src/stm32f1xx_hal_gpio_ex.o
LOAD Objects/MHP30/./Core/BSP/MHP30/Vendor/STM32F1xx_HAL_Driver/Src/stm32f1xx_hal_iwdg.o
LOAD Objects/MHP30/./Core/BSP/MHP30/Vendor/STM32F1xx_HAL_Driver/Src/stm32f1xx_hal_pwr.o
LOAD Objects/MHP30/./Core/BSP/MHP30/Vendor/STM32F1xx_HAL_Driver/Src/stm32f1xx_hal_rcc.o
LOAD Objects/MHP30/./Core/BSP/MHP30/Vendor/STM32F1xx_HAL_Driver/Src/stm32f1xx_hal_rcc_ex.o
LOAD Objects/MHP30/./Core/BSP/MHP30/Vendor/STM32F1xx_HAL_Driver/Src/stm32f1xx_hal_tim.o
LOAD Objects/MHP30/./Core/BSP/MHP30/Vendor/STM32F1xx_HAL_Driver/Src/stm32f1xx_hal_tim_ex.o
LOAD Objects/MHP30/./Middlewares/Third_Party/FreeRTOS/Source/CMSIS_RTOS/cmsis_os.o
LOAD Objects/MHP30/./Middlewares/Third_Party/FreeRTOS/Source/croutine.o
LOAD Objects/MHP30/./Middlewares/Third_Party/FreeRTOS/Source/event_groups.o
LOAD Objects/MHP30/./Middlewares/Third_Party/FreeRTOS/Source/list.o
LOAD Objects/MHP30/./Middlewares/Third_Party/FreeRTOS/Source/queue.o
LOAD Objects/MHP30/./Middlewares/Third_Party/FreeRTOS/Source/stream_buffer.o
LOAD Objects/MHP30/./Middlewares/Third_Party/FreeRTOS/Source/tasks.o
LOAD Objects/MHP30/./Middlewares/Third_Party/FreeRTOS/Source/timers.o
LOAD Objects/MHP30/./Core/brieflz/depack.o
LOAD Objects/MHP30/./Core/Threads/GUIThread.o
LOAD Objects/MHP30/./Core/Threads/MOVThread.o
LOAD Objects/MHP30/./Core/Threads/OperatingModes/CJC.o
LOAD Objects/MHP30/./Core/Threads/OperatingModes/DebugMenu.o
LOAD Objects/MHP30/./Core/Threads/OperatingModes/HomeScreen.o
LOAD Objects/MHP30/./Core/Threads/OperatingModes/OperatingModes.o
LOAD Objects/MHP30/./Core/Threads/OperatingModes/SettingsMenu.o
LOAD Objects/MHP30/./Core/Threads/OperatingModes/ShowStartupWarnings.o
LOAD Objects/MHP30/./Core/Threads/OperatingModes/Sleep.o
LOAD Objects/MHP30/./Core/Threads/OperatingModes/Soldering.o
LOAD Objects/MHP30/./Core/Threads/OperatingModes/SolderingProfile.o
LOAD Objects/MHP30/./Core/Threads/OperatingModes/TemperatureAdjust.o
LOAD Objects/MHP30/./Core/Threads/OperatingModes/USBPDDebug_FS2711.o
LOAD Objects/MHP30/./Core/Threads/OperatingModes/USBPDDebug_FUSB.o
LOAD Objects/MHP30/./Core/Threads/OperatingModes/USBPDDebug_HUSB238.o
LOAD Objects/MHP30/./Core/Threads/OperatingModes/utils/checkUndervoltage.o
LOAD Objects/MHP30/./Core/Threads/OperatingModes/utils/drawPowerSourceIcon.o
LOAD Objects/MHP30/./Core/Threads/OperatingModes/utils/DrawTipTemperature.o
LOAD Objects/MHP30/./Core/Threads/OperatingModes/utils/getSleepTimeout.o
LOAD Objects/MHP30/./Core/Threads/OperatingModes/utils/GUIDelay.o
LOAD Objects/MHP30/./Core/Threads/OperatingModes/utils/min.o
LOAD Objects/MHP30/./Core/Threads/OperatingModes/utils/printSleepCountdown.o
LOAD Objects/MHP30/./Core/Threads/OperatingModes/utils/PrintVoltage.o
LOAD Objects/MHP30/./Core/Threads/OperatingModes/utils/shouldDeviceShutdown.o
LOAD Objects/MHP30/./Core/Threads/OperatingModes/utils/shouldDeviceSleep.o
LOAD Objects/MHP30/./Core/Threads/OperatingModes/utils/ShowWarning.o
LOAD Objects/MHP30/./Core/Threads/OperatingModes/utils/SolderingCommon.o
LOAD Objects/MHP30/./Core/Threads/PIDThread.o
LOAD Objects/MHP30/./Core/Threads/POWThread.o
LOAD Objects/MHP30/./Core/Src/main.o
LOAD Objects/MHP30/./Core/Src/power.o
LOAD Objects/MHP30/./Core/Src/QC3.o
LOAD Objects/MHP30/./Core/Src/ScrollMessage.o
LOAD Objects/MHP30/./Core/Src/Settings.o
LOAD Objects/MHP30/./Core/Src/settingsGUI.o
LOAD Objects/MHP30/./Core/Src/Translation.o
LOAD Objects/MHP30/./Core/Drivers/BMA223.o
LOAD Objects/MHP30/./Core/Drivers/BootLogo.o
LOAD Objects/MHP30/./Core/Drivers/Buttons.o
LOAD Objects/MHP30/./Core/Drivers/FS2711.o
LOAD Objects/MHP30/./Core/Drivers/HUB238.o
LOAD Objects/MHP30/./Core/Drivers/I2CBB1.o
LOAD Objects/MHP30/./Core/Drivers/I2CBB2.o
LOAD Objects/MHP30/./Core/Drivers/LIS2DH12.o
LOAD Objects/MHP30/./Core/Drivers/MMA8652FC.o
LOAD Objects/MHP30/./Core/Drivers/MSA301.o
LOAD Objects/MHP30/./Core/Drivers/OLED.o
LOAD Objects/MHP30/./Core/Drivers/SC7A20.o
LOAD Objects/MHP30/./Core/Drivers/Si7210.o
LOAD Objects/MHP30/./Core/Drivers/TipThermoModel.o
LOAD Objects/MHP30/./Core/Drivers/usb-pd/src/fusb302b.o
LOAD Objects/MHP30/./Core/Drivers/usb-pd/src/policy_engine.o
LOAD Objects/MHP30/./Core/Drivers/usb-pd/src/policy_engine_states.o
LOAD Objects/MHP30/./Core/Drivers/USBPD.o
LOAD Objects/MHP30/./Core/Drivers/Utils.o
LOAD Objects/MHP30/./Core/BSP/MHP30/BSP.o
LOAD Objects/MHP30/./Core/BSP/MHP30/fusb_user.o
LOAD Objects/MHP30/./Core/BSP/MHP30/IRQ.o
LOAD Objects/MHP30/./Core/BSP/MHP30/postRTOS.o
LOAD Objects/MHP30/./Core/BSP/MHP30/Power.o
LOAD Objects/MHP30/./Core/BSP/MHP30/preRTOS.o
LOAD Objects/MHP30/./Core/BSP/MHP30/QC_GPIO.o
LOAD Objects/MHP30/./Core/BSP/MHP30/ThermoModel.o
LOAD Objects/MHP30/Core/Gen/Translation.EN.o
LOAD Objects/MHP30/Core/LangSupport/lang_single.o
                0x000000000001f800                __FLASH_SIZE__ = 0x1f800
                0x0000000000008000                __BOOTLDR_SIZE__ = 0x8000
LOAD /usr/lib/gcc/arm-none-eabi/11.2.0/../../../../arm-none-eabi/lib/thumb/v7-m/nofp/libstdc++_nano.a
LOAD /usr/lib/gcc/arm-none-eabi/11.2.0/../../../../arm-none-eabi/lib/thumb/v7-m/nofp/libm.a
START GROUP
LOAD /usr/lib/gcc/arm-none-eabi/11.2.0/thumb/v7-m/nofp/libgcc.a
LOAD /usr/lib/gcc/arm-none-eabi/11.2.0/../../../../arm-none-eabi/lib/thumb/v7-m/nofp/libc_nano.a
END GROUP
START GROUP
LOAD /usr/lib/gcc/arm-none-eabi/11.2.0/thumb/v7-m/nofp/libgcc.a
LOAD /usr/lib/gcc/arm-none-eabi/11.2.0/../../../../arm-none-eabi/lib/thumb/v7-m/nofp/libc_nano.a
LOAD /usr/lib/gcc/arm-none-eabi/11.2.0/../../../../arm-none-eabi/lib/thumb/v7-m/nofp/libnosys.a
END GROUP
START GROUP
LOAD /usr/lib/gcc/arm-none-eabi/11.2.0/thumb/v7-m/nofp/libgcc.a
LOAD /usr/lib/gcc/arm-none-eabi/11.2.0/../../../../arm-none-eabi/lib/thumb/v7-m/nofp/libc_nano.a
LOAD /usr/lib/gcc/arm-none-eabi/11.2.0/../../../../arm-none-eabi/lib/thumb/v7-m/nofp/libnosys.a
END GROUP
LOAD /usr/lib/gcc/arm-none-eabi/11.2.0/thumb/v7-m/nofp/crtend.o
LOAD /usr/lib/gcc/arm-none-eabi/11.2.0/thumb/v7-m/nofp/crtn.o
                0x0000000020005000                _estack = 0x20005000
                0x0000000000000300                _Min_Heap_Size = 0x300
                0x0000000000000400                _Min_Stack_Size = 0x400
                0x0000000008008000                __APP_BASE_ADDRESS__ = (0x8000000 + __BOOTLDR_SIZE__)
                0x0000000000017800                __ROM_REGION_LENGTH__ = (__FLASH_SIZE__ - __BOOTLDR_SIZE__)
                0x000000000801f800                __FLASH_END_ADDR__ = (__APP_BASE_ADDRESS__ + __ROM_REGION_LENGTH__)

.isr_vector     0x0000000008008000      0x10c
                0x0000000008008000                . = ALIGN (0x4)
 *(.isr_vector)
 .isr_vector    0x0000000008008000      0x10c Objects/MHP30/./Core/BSP/MHP30/Startup/startup_stm32f103t8ux.o
                0x0000000008008000                g_pfnVectors
                0x000000000800810c                . = ALIGN (0x4)

.text           0x0000000008008110     0x7b08
                0x0000000008008110                . = ALIGN (0x4)
 *(.text)
 *(.text*)
 .text.__do_global_dtors_aux
                0x0000000008008110       0x24 /usr/lib/gcc/arm-none-eabi/11.2.0/thumb/v7-m/nofp/crtbegin.o
 .text.frame_dummy
                0x0000000008008134       0x1c /usr/lib/gcc/arm-none-eabi/11.2.0/thumb/v7-m/nofp/crtbegin.o
 .text.Reset_Handler
                0x0000000008008150       0x48 Objects/MHP30/./Core/BSP/MHP30/Startup/startup_stm32f103t8ux.o
                0x0000000008008150                Reset_Handler
 .text.Default_Handler
                0x0000000008008198        0x2 Objects/MHP30/./Core/BSP/MHP30/Startup/startup_stm32f103t8ux.o
                0x0000000008008198                RTC_Alarm_IRQHandler
                0x0000000008008198                EXTI2_IRQHandler
                0x0000000008008198                TIM1_CC_IRQHandler
                0x0000000008008198                PVD_IRQHandler
                0x0000000008008198                EXTI3_IRQHandler
                0x0000000008008198                EXTI0_IRQHandler
                0x0000000008008198                I2C2_EV_IRQHandler
                0x0000000008008198                SPI1_IRQHandler
                0x0000000008008198                TAMPER_IRQHandler
                0x0000000008008198                DMA1_Channel4_IRQHandler
                0x0000000008008198                USART3_IRQHandler
                0x0000000008008198                RTC_IRQHandler
                0x0000000008008198                DMA1_Channel7_IRQHandler
                0x0000000008008198                CAN1_RX1_IRQHandler
                0x0000000008008198                I2C1_EV_IRQHandler
                0x0000000008008198                DMA1_Channel6_IRQHandler
                0x0000000008008198                TIM3_IRQHandler
                0x0000000008008198                RCC_IRQHandler
                0x0000000008008198                TIM1_TRG_COM_IRQHandler
                0x0000000008008198                Default_Handler
                0x0000000008008198                EXTI15_10_IRQHandler
                0x0000000008008198                SPI2_IRQHandler
                0x0000000008008198                DMA1_Channel5_IRQHandler
                0x0000000008008198                EXTI4_IRQHandler
                0x0000000008008198                USB_LP_CAN1_RX0_IRQHandler
                0x0000000008008198                USB_HP_CAN1_TX_IRQHandler
                0x0000000008008198                DMA1_Channel3_IRQHandler
                0x0000000008008198                TIM1_UP_IRQHandler
                0x0000000008008198                WWDG_IRQHandler
                0x0000000008008198                TIM2_IRQHandler
                0x0000000008008198                TIM1_BRK_IRQHandler
                0x0000000008008198                EXTI1_IRQHandler
                0x0000000008008198                USART2_IRQHandler
                0x0000000008008198                I2C2_ER_IRQHandler
                0x0000000008008198                DMA1_Channel2_IRQHandler
                0x0000000008008198                CAN1_SCE_IRQHandler
                0x0000000008008198                FLASH_IRQHandler
                0x0000000008008198                USART1_IRQHandler
                0x0000000008008198                I2C1_ER_IRQHandler
                0x0000000008008198                USBWakeUp_IRQHandler
 *fill*         0x000000000800819a        0x2 
 .text.prvPortStartFirstTask
                0x000000000800819c       0x20 /tmp/ccGBKDpp.ltrans0.ltrans.o
 .text.prvTaskExitError.part.0
                0x00000000080081bc       0x12 /tmp/ccGBKDpp.ltrans0.ltrans.o
 *fill*         0x00000000080081ce        0x2 
 .text.prvTaskExitError
                0x00000000080081d0       0x34 /tmp/ccGBKDpp.ltrans0.ltrans.o
 .text.vPortValidateInterruptPriority
                0x0000000008008204       0x50 /tmp/ccGBKDpp.ltrans0.ltrans.o
 .text.vPortExitCritical
                0x0000000008008254       0x1c /tmp/ccGBKDpp.ltrans0.ltrans.o
 .text.vPortEnterCritical
                0x0000000008008270       0x34 /tmp/ccGBKDpp.ltrans0.ltrans.o
 .text.getADC   0x00000000080082a4       0x28 /tmp/ccGBKDpp.ltrans0.ltrans.o
 .text.HAL_Delay
                0x00000000080082cc       0x14 /tmp/ccGBKDpp.ltrans0.ltrans.o
 .text.ADC_Enable
                0x00000000080082e0       0x6c /tmp/ccGBKDpp.ltrans0.ltrans.o
 .text.ADC_ConversionStop_Disable
                0x000000000800834c       0x40 /tmp/ccGBKDpp.ltrans0.ltrans.o
 .text.ADC_DMAHalfConvCplt
                0x000000000800838c        0x2 /tmp/ccGBKDpp.ltrans0.ltrans.o
 .text.ADC_DMAError
                0x000000000800838e       0x14 /tmp/ccGBKDpp.ltrans0.ltrans.o
 *fill*         0x00000000080083a2        0x2 
 .text.HAL_ADCEx_Calibration_Start
                0x00000000080083a4       0xe4 /tmp/ccGBKDpp.ltrans0.ltrans.o
 .text.HAL_GPIO_Init
                0x0000000008008488      0x1c8 /tmp/ccGBKDpp.ltrans0.ltrans.o
 .text.TIM_Base_SetConfig
                0x0000000008008650       0x70 /tmp/ccGBKDpp.ltrans0.ltrans.o
 .text.vListInsertEnd
                0x00000000080086c0       0x18 /tmp/ccGBKDpp.ltrans0.ltrans.o
 .text.vListInsert
                0x00000000080086d8       0x2e /tmp/ccGBKDpp.ltrans0.ltrans.o
 .text.uxListRemove
                0x0000000008008706       0x20 /tmp/ccGBKDpp.ltrans0.ltrans.o
 *fill*         0x0000000008008726        0x2 
 .text.vTaskSuspendAll
                0x0000000008008728       0x10 /tmp/ccGBKDpp.ltrans0.ltrans.o
 .text.xTaskRemoveFromEventList
                0x0000000008008738       0x80 /tmp/ccGBKDpp.ltrans0.ltrans.o
 .text.prvUnlockQueue
                0x00000000080087b8       0x84 /tmp/ccGBKDpp.ltrans0.ltrans.o
 .text.xTaskCheckForTimeOut
                0x000000000800883c       0x48 /tmp/ccGBKDpp.ltrans0.ltrans.o
 .text.uxTaskGetStackHighWaterMark
                0x0000000008008884       0x20 /tmp/ccGBKDpp.ltrans0.ltrans.o
 .text.prvResetNextTaskUnblockTime
                0x00000000080088a4       0x24 /tmp/ccGBKDpp.ltrans0.ltrans.o
 .text.xTaskIncrementTick
                0x00000000080088c8      0x124 /tmp/ccGBKDpp.ltrans0.ltrans.o
 .text.xTaskResumeAll
                0x00000000080089ec       0xec /tmp/ccGBKDpp.ltrans0.ltrans.o
 .text.xTaskGetSchedulerState
                0x0000000008008ad8       0x20 /tmp/ccGBKDpp.ltrans0.ltrans.o
 .text._ZN4OLED26checkDisplayBufferChecksumEv
                0x0000000008008af8       0x2c /tmp/ccGBKDpp.ltrans0.ltrans.o
 .text._Z16shouldBeSleepingv
                0x0000000008008b24        0x4 /tmp/ccGBKDpp.ltrans0.ltrans.o
 .text._Z11noOpDisplayv
                0x0000000008008b28        0x2 /tmp/ccGBKDpp.ltrans0.ltrans.o
 .text._Z13getMenuLengthPK8menuitemt
                0x0000000008008b2a       0x2e /tmp/ccGBKDpp.ltrans0.ltrans.o
 .text._Z18checkExitSolderingv
                0x0000000008008b58       0x40 /tmp/ccGBKDpp.ltrans0.ltrans.o
 .text._Z15setSettingValue15SettingsOptionst
                0x0000000008008b98       0x2c /tmp/ccGBKDpp.ltrans0.ltrans.o
 .text._Z16nextSettingValue15SettingsOptions
                0x0000000008008bc4       0x44 /tmp/ccGBKDpp.ltrans0.ltrans.o
 .text._Z18isLastSettingValue15SettingsOptions
                0x0000000008008c08       0x64 /tmp/ccGBKDpp.ltrans0.ltrans.o
 .text._ZL12setBoostTempv
                0x0000000008008c6c       0x4c /tmp/ccGBKDpp.ltrans0.ltrans.o
 .text._ZL14setProfileTemp15SettingsOptions
                0x0000000008008cb8       0x34 /tmp/ccGBKDpp.ltrans0.ltrans.o
 .text._ZL21setProfilePreheatTempv
                0x0000000008008cec        0x6 /tmp/ccGBKDpp.ltrans0.ltrans.o
 .text._ZL20setProfilePhase1Tempv
                0x0000000008008cf2        0x6 /tmp/ccGBKDpp.ltrans0.ltrans.o
 .text._ZL20setProfilePhase2Tempv
                0x0000000008008cf8        0x6 /tmp/ccGBKDpp.ltrans0.ltrans.o
 .text._ZL20setProfilePhase3Tempv
                0x0000000008008cfe        0x6 /tmp/ccGBKDpp.ltrans0.ltrans.o
 .text._ZL20setProfilePhase4Tempv
                0x0000000008008d04        0x6 /tmp/ccGBKDpp.ltrans0.ltrans.o
 .text._ZL20setProfilePhase5Tempv
                0x0000000008008d0a        0x6 /tmp/ccGBKDpp.ltrans0.ltrans.o
 .text._ZL18showProfileOptionsv
                0x0000000008008d10       0x14 /tmp/ccGBKDpp.ltrans0.ltrans.o
 .text._ZL24showProfilePhase2Optionsv
                0x0000000008008d24       0x18 /tmp/ccGBKDpp.ltrans0.ltrans.o
 .text._ZL24showProfilePhase3Optionsv
                0x0000000008008d3c       0x18 /tmp/ccGBKDpp.ltrans0.ltrans.o
 .text._ZL24showProfilePhase4Optionsv
                0x0000000008008d54       0x18 /tmp/ccGBKDpp.ltrans0.ltrans.o
 .text._ZL24showProfilePhase5Optionsv
                0x0000000008008d6c       0x18 /tmp/ccGBKDpp.ltrans0.ltrans.o
 .text._ZL16showSleepOptionsv
                0x0000000008008d84       0x14 /tmp/ccGBKDpp.ltrans0.ltrans.o
 .text._ZL8setTempF15SettingsOptions
                0x0000000008008d98       0x44 /tmp/ccGBKDpp.ltrans0.ltrans.o
 .text._ZL8setTempFv
                0x0000000008008ddc       0x3c /tmp/ccGBKDpp.ltrans0.ltrans.o
 .text._ZL23displayAnimationOptionsv
                0x0000000008008e18       0x14 /tmp/ccGBKDpp.ltrans0.ltrans.o
 .text._ZL21showPowerPulseOptionsv
                0x0000000008008e2c       0x14 /tmp/ccGBKDpp.ltrans0.ltrans.o
 .text._Z14getButtonStatev
                0x0000000008008e40       0xa8 /tmp/ccGBKDpp.ltrans0.ltrans.o
 .text._ZN6I2CBB15startEv
                0x0000000008008ee8       0x54 /tmp/ccGBKDpp.ltrans0.ltrans.o
 .text._ZN6I2CBB14stopEv
                0x0000000008008f3c       0x48 /tmp/ccGBKDpp.ltrans0.ltrans.o
 .text._ZN6I2CBB18read_bitEv
                0x0000000008008f84       0x40 /tmp/ccGBKDpp.ltrans0.ltrans.o
 .text._ZN6I2CBB19write_bitEh
                0x0000000008008fc4       0x44 /tmp/ccGBKDpp.ltrans0.ltrans.o
 .text._ZN6I2CBB14sendEh
                0x0000000008009008       0x30 /tmp/ccGBKDpp.ltrans0.ltrans.o
 .text._ZN6I2CBB25startEv
                0x0000000008009038       0x5c /tmp/ccGBKDpp.ltrans0.ltrans.o
 .text._ZN6I2CBB24stopEv
                0x0000000008009094       0x50 /tmp/ccGBKDpp.ltrans0.ltrans.o
 .text._ZN6I2CBB28read_bitEv
                0x00000000080090e4       0x48 /tmp/ccGBKDpp.ltrans0.ltrans.o
 .text._ZN6I2CBB29write_bitEh
                0x000000000800912c       0x48 /tmp/ccGBKDpp.ltrans0.ltrans.o
 .text._ZN6I2CBB24sendEh
                0x0000000008009174       0x34 /tmp/ccGBKDpp.ltrans0.ltrans.o
 .text._ZN4OLED8drawAreaEsahhPKh
                0x00000000080091a8       0x80 /tmp/ccGBKDpp.ltrans0.ltrans.o
 .text._ZN4OLED8drawCharEt9FontStyle
                0x0000000008009228       0x9c /tmp/ccGBKDpp.ltrans0.ltrans.o
 .text._ZN4OLED12drawCheckboxEb
                0x00000000080092c4        0xc /tmp/ccGBKDpp.ltrans0.ltrans.o
 .text._ZL13displayPDVpdov
                0x00000000080092d0       0x18 /tmp/ccGBKDpp.ltrans0.ltrans.o
 .text._ZL26displayCoolingBlinkEnabledv
                0x00000000080092e8       0x14 /tmp/ccGBKDpp.ltrans0.ltrans.o
 .text._ZL37displayReverseButtonTempChangeEnabledv
                0x00000000080092fc       0x14 /tmp/ccGBKDpp.ltrans0.ltrans.o
 .text._ZL20displayAnimationLoopv
                0x0000000008009310       0x14 /tmp/ccGBKDpp.ltrans0.ltrans.o
 .text._ZL26displayAdvancedIDLEScreensv
                0x0000000008009324       0x14 /tmp/ccGBKDpp.ltrans0.ltrans.o
 .text._ZL31displayAdvancedSolderingScreensv
                0x0000000008009338       0x14 /tmp/ccGBKDpp.ltrans0.ltrans.o
 .text._ZL16displayCalibratev
                0x000000000800934c       0x18 /tmp/ccGBKDpp.ltrans0.ltrans.o
 .text._ZN4OLED5printEPKc9FontStyleh
                0x0000000008009364       0x42 /tmp/ccGBKDpp.ltrans0.ltrans.o
 *fill*         0x00000000080093a6        0x2 
 .text._ZL25displayAutomaticStartModev
                0x00000000080093a8       0x5c /tmp/ccGBKDpp.ltrans0.ltrans.o
 .text._ZL18displayLockingModev
                0x0000000008009404       0x4c /tmp/ccGBKDpp.ltrans0.ltrans.o
 .text._ZL18displayScrollSpeedv
                0x0000000008009450       0x28 /tmp/ccGBKDpp.ltrans0.ltrans.o
 .text._ZL21displayAnimationSpeedv
                0x0000000008009478       0x5c /tmp/ccGBKDpp.ltrans0.ltrans.o
 .text._ZN4OLED16printWholeScreenEPKc
                0x00000000080094d4       0x28 /tmp/ccGBKDpp.ltrans0.ltrans.o
 .text._ZL11displayMenuj
                0x00000000080094fc       0xb8 /tmp/ccGBKDpp.ltrans0.ltrans.o
 .text._ZL20displaySolderingMenuv
                0x00000000080095b4        0x6 /tmp/ccGBKDpp.ltrans0.ltrans.o
 .text._ZL22displayPowerSavingMenuv
                0x00000000080095ba        0x6 /tmp/ccGBKDpp.ltrans0.ltrans.o
 .text._ZL13displayUIMenuv
                0x00000000080095c0        0x6 /tmp/ccGBKDpp.ltrans0.ltrans.o
 .text._ZL19displayAdvancedMenuv
                0x00000000080095c6        0x6 /tmp/ccGBKDpp.ltrans0.ltrans.o
 .text._ZN4OLED14printSymbolDegE9FontStyle
                0x00000000080095cc       0x54 /tmp/ccGBKDpp.ltrans0.ltrans.o
 .text._ZL12displayTempFv
                0x0000000008009620        0x6 /tmp/ccGBKDpp.ltrans0.ltrans.o
 .text._ZN4OLED11printNumberEth9FontStyleb
                0x0000000008009626       0xb0 /tmp/ccGBKDpp.ltrans0.ltrans.o
 *fill*         0x00000000080096d6        0x2 
 .text._ZL19displayPDNegTimeoutv
                0x00000000080096d8       0x3c /tmp/ccGBKDpp.ltrans0.ltrans.o
 .text._ZL16displayBoostTempv
                0x0000000008009714       0x3c /tmp/ccGBKDpp.ltrans0.ltrans.o
 .text._ZL26displayTempChangeShortStepv
                0x0000000008009750       0x14 /tmp/ccGBKDpp.ltrans0.ltrans.o
 .text._ZL25displayTempChangeLongStepv
                0x0000000008009764       0x14 /tmp/ccGBKDpp.ltrans0.ltrans.o
 .text._ZL20displayProfilePhasesv
                0x0000000008009778       0x18 /tmp/ccGBKDpp.ltrans0.ltrans.o
 .text._ZL25displayProfilePreheatTempv
                0x0000000008009790       0x18 /tmp/ccGBKDpp.ltrans0.ltrans.o
 .text._ZL24displayProfilePhase1Tempv
                0x00000000080097a8       0x18 /tmp/ccGBKDpp.ltrans0.ltrans.o
 .text._ZL24displayProfilePhase2Tempv
                0x00000000080097c0       0x18 /tmp/ccGBKDpp.ltrans0.ltrans.o
 .text._ZL24displayProfilePhase3Tempv
                0x00000000080097d8       0x18 /tmp/ccGBKDpp.ltrans0.ltrans.o
 .text._ZL24displayProfilePhase4Tempv
                0x00000000080097f0       0x18 /tmp/ccGBKDpp.ltrans0.ltrans.o
 .text._ZL24displayProfilePhase5Tempv
                0x0000000008009808       0x18 /tmp/ccGBKDpp.ltrans0.ltrans.o
 .text._ZL26displayProfilePreheatSpeedv
                0x0000000008009820       0x18 /tmp/ccGBKDpp.ltrans0.ltrans.o
 .text._ZL27displayProfileCooldownSpeedv
                0x0000000008009838       0x18 /tmp/ccGBKDpp.ltrans0.ltrans.o
 .text._ZL28displayProfilePhase1Durationv
                0x0000000008009850       0x18 /tmp/ccGBKDpp.ltrans0.ltrans.o
 .text._ZL28displayProfilePhase2Durationv
                0x0000000008009868       0x18 /tmp/ccGBKDpp.ltrans0.ltrans.o
 .text._ZL28displayProfilePhase3Durationv
                0x0000000008009880       0x18 /tmp/ccGBKDpp.ltrans0.ltrans.o
 .text._ZL28displayProfilePhase4Durationv
                0x0000000008009898       0x18 /tmp/ccGBKDpp.ltrans0.ltrans.o
 .text._ZL28displayProfilePhase5Durationv
                0x00000000080098b0       0x18 /tmp/ccGBKDpp.ltrans0.ltrans.o
 .text._ZL18displaySensitivityv
                0x00000000080098c8       0x3c /tmp/ccGBKDpp.ltrans0.ltrans.o
 .text._ZL19displayShutdownTimev
                0x0000000008009904       0x48 /tmp/ccGBKDpp.ltrans0.ltrans.o
 .text._ZL15displayLogoTimev
                0x000000000800994c       0x6c /tmp/ccGBKDpp.ltrans0.ltrans.o
 .text._ZL17displayPowerLimitv
                0x00000000080099b8       0x48 /tmp/ccGBKDpp.ltrans0.ltrans.o
 .text._ZL17displayPowerPulsev
                0x0000000008009a00       0x64 /tmp/ccGBKDpp.ltrans0.ltrans.o
 .text._ZL21displayPowerPulseWaitv
                0x0000000008009a64       0x14 /tmp/ccGBKDpp.ltrans0.ltrans.o
 .text._ZL25displayPowerPulseDurationv
                0x0000000008009a78       0x14 /tmp/ccGBKDpp.ltrans0.ltrans.o
 .text._ZN4OLED14drawHeatSymbolEh
                0x0000000008009a8c       0x84 /tmp/ccGBKDpp.ltrans0.ltrans.o
 .text._ZN14TipThermoModel22convertTipRawADCToDegCEt
                0x0000000008009b10       0x80 /tmp/ccGBKDpp.ltrans0.ltrans.o
 .text._ZNK7FUSB30214fusb_read_byteEh
                0x0000000008009b90       0x16 /tmp/ccGBKDpp.ltrans0.ltrans.o
 *fill*         0x0000000008009ba6        0x2 
 .text._Z16get_ms_timestampv
                0x0000000008009ba8        0xc /tmp/ccGBKDpp.ltrans0.ltrans.o
 .text._Z25EPREvaluateCapabilityFuncPK10epr_pd_msgP6pd_msg
                0x0000000008009bb4        0x4 /tmp/ccGBKDpp.ltrans0.ltrans.o
 .text._Z28pdbs_dpm_get_sink_capabilityP6pd_msgb
                0x0000000008009bb8        0x2 /tmp/ccGBKDpp.ltrans0.ltrans.o
 *fill*         0x0000000008009bba        0x2 
 .text.__NVIC_SystemReset
                0x0000000008009bbc       0x24 /tmp/ccGBKDpp.ltrans0.ltrans.o
 .text.resetWatchdog
                0x0000000008009be0       0x10 /tmp/ccGBKDpp.ltrans0.ltrans.o
 .text.prvIdleTask
                0x0000000008009bf0       0x28 /tmp/ccGBKDpp.ltrans0.ltrans.o
 .text.getTipRawTemp
                0x0000000008009c18       0x40 /tmp/ccGBKDpp.ltrans0.ltrans.o
 .text.getInputVoltageX10
                0x0000000008009c58       0x80 /tmp/ccGBKDpp.ltrans0.ltrans.o
 .text._Z19gui_drawBatteryIconv
                0x0000000008009cd8       0x88 /tmp/ccGBKDpp.ltrans0.ltrans.o
 .text._Z12printVoltagev
                0x0000000008009d60       0x48 /tmp/ccGBKDpp.ltrans0.ltrans.o
 .text._Z19detailedPowerStatusv
                0x0000000008009da8       0xbc /tmp/ccGBKDpp.ltrans0.ltrans.o
 .text._Z12availableW10h
                0x0000000008009e64       0x28 /tmp/ccGBKDpp.ltrans0.ltrans.o
 .text._Z13X10WattsToPWMlh
                0x0000000008009e8c       0x34 /tmp/ccGBKDpp.ltrans0.ltrans.o
 .text._Z14setTipX10Wattsl
                0x0000000008009ec0       0x68 /tmp/ccGBKDpp.ltrans0.ltrans.o
 .text._Z25performTipMeasurementStepb
                0x0000000008009f28       0xcc /tmp/ccGBKDpp.ltrans0.ltrans.o
 .text.isTipDisconnected
                0x0000000008009ff4       0x44 /tmp/ccGBKDpp.ltrans0.ltrans.o
 .text.setStatusLED
                0x000000000800a038      0x114 /tmp/ccGBKDpp.ltrans0.ltrans.o
 .text.HAL_ADC_ConvCpltCallback
                0x000000000800a14c       0xec /tmp/ccGBKDpp.ltrans0.ltrans.o
 .text.ADC_DMAConvCplt
                0x000000000800a238       0x46 /tmp/ccGBKDpp.ltrans0.ltrans.o
 .text._Z26settings_setLanguageSwitchv
                0x000000000800a27e        0x2 /tmp/ccGBKDpp.ltrans0.ltrans.o
 .text._Z30settings_displayLanguageSwitchv
                0x000000000800a280        0x2 /tmp/ccGBKDpp.ltrans0.ltrans.o
 *fill*         0x000000000800a282        0x2 
 .text._ZNK7FUSB30215fusb_write_byteEhh.constprop.0
                0x000000000800a284       0x20 /tmp/ccGBKDpp.ltrans0.ltrans.o
 .text._ZNK10ringbufferI6pd_msgLj4EE11getOccupiedEv.constprop.0
                0x000000000800a2a4       0x20 /tmp/ccGBKDpp.ltrans0.ltrans.o
 .text._ZN12PolicyEngine12waitForEventENS_19policy_engine_stateEmm.constprop.0
                0x000000000800a2c4       0x40 /tmp/ccGBKDpp.ltrans0.ltrans.o
 .text._ZN12PolicyEngine19pe_start_message_txENS_19policy_engine_stateES0_P6pd_msg.constprop.0
                0x000000000800a304       0x94 /tmp/ccGBKDpp.ltrans0.ltrans.o
 .text._ZNK7FUSB30212fusb_read_idEv.constprop.0
                0x000000000800a398       0x34 /tmp/ccGBKDpp.ltrans0.ltrans.o
 .text._ZN16USBPowerDelivery11fusbPresentEv
                0x000000000800a3cc       0x20 /tmp/ccGBKDpp.ltrans0.ltrans.o
 .text._ZN16USBPowerDelivery19negotiationCompleteEv
                0x000000000800a3ec       0x5c /tmp/ccGBKDpp.ltrans0.ltrans.o
 .text._Z20getPowerSourceNumberv
                0x000000000800a448       0x16 /tmp/ccGBKDpp.ltrans0.ltrans.o
 *fill*         0x000000000800a45e        0x2 
 .text.getHandleTemperature.constprop.0
                0x000000000800a460       0x4c /tmp/ccGBKDpp.ltrans0.ltrans.o
 .text._ZN14TipThermoModel9getTipInCEb
                0x000000000800a4ac       0x20 /tmp/ccGBKDpp.ltrans0.ltrans.o
 .text._Z15gui_drawTipTempb9FontStyle.constprop.0
                0x000000000800a4cc       0x44 /tmp/ccGBKDpp.ltrans0.ltrans.o
 .text._Z20basicSolderingStatusb
                0x000000000800a510       0x9c /tmp/ccGBKDpp.ltrans0.ltrans.o
 .text._ZN14TipThermoModel12getTipMaxInCEv
                0x000000000800a5ac       0x1e /tmp/ccGBKDpp.ltrans0.ltrans.o
 *fill*         0x000000000800a5ca        0x2 
 .text.prvAddCurrentTaskToDelayedList.constprop.0
                0x000000000800a5cc       0x70 /tmp/ccGBKDpp.ltrans0.ltrans.o
 .text.vTaskDelayUntil
                0x000000000800a63c       0x68 /tmp/ccGBKDpp.ltrans0.ltrans.o
 .text.vTaskDelay
                0x000000000800a6a4       0x3c /tmp/ccGBKDpp.ltrans0.ltrans.o
 .text._Z27waitForButtonPressOrTimeoutm
                0x000000000800a6e0       0x40 /tmp/ccGBKDpp.ltrans0.ltrans.o
 .text._Z5delayv
                0x000000000800a720       0x50 /tmp/ccGBKDpp.ltrans0.ltrans.o
 .text._Z8ms_delaym
                0x000000000800a770        0xa /tmp/ccGBKDpp.ltrans0.ltrans.o
 *fill*         0x000000000800a77a        0x2 
 .text.vTaskPlaceOnEventList
                0x000000000800a77c       0x1c /tmp/ccGBKDpp.ltrans0.ltrans.o
 .text.xQueueSemaphoreTake.constprop.0
                0x000000000800a798      0x2c8 /tmp/ccGBKDpp.ltrans0.ltrans.o
 .text._ZN6I2CBB14lockEv
                0x000000000800aa60       0x18 /tmp/ccGBKDpp.ltrans0.ltrans.o
 .text._ZN6I2CBB24lockEv
                0x000000000800aa78       0x18 /tmp/ccGBKDpp.ltrans0.ltrans.o
 .text.ulTaskGenericNotifyTake.part.0.constprop.0
                0x000000000800aa90       0x54 /tmp/ccGBKDpp.ltrans0.ltrans.o
 .text.HAL_TIM_Base_Init.constprop.0
                0x000000000800aae4       0x90 /tmp/ccGBKDpp.ltrans0.ltrans.o
 .text.HAL_NVIC_SetPriority.constprop.0
                0x000000000800ab74       0x58 /tmp/ccGBKDpp.ltrans0.ltrans.o
 .text.FLASH_WaitForLastOperation.constprop.0
                0x000000000800abcc       0x94 /tmp/ccGBKDpp.ltrans0.ltrans.o
 .text.HAL_ADC_Init.constprop.0.isra.0
                0x000000000800ac60      0x1d0 /tmp/ccGBKDpp.ltrans0.ltrans.o
 .text.HAL_TIMEx_MasterConfigSynchronization.constprop.0.isra.0
                0x000000000800ae30       0x50 /tmp/ccGBKDpp.ltrans0.ltrans.o
 .text._ZZ16gui_SettingsMenu11ButtonStateP10guiContextENKUlvE_clEv.isra.0
                0x000000000800ae80       0x20 /tmp/ccGBKDpp.ltrans0.ltrans.o
 .text.HAL_TIM_PWM_Start.part.0.isra.0
                0x000000000800aea0       0x78 /tmp/ccGBKDpp.ltrans0.ltrans.o
 .text.HAL_TIM_OC_Init.isra.0
                0x000000000800af18       0x4c /tmp/ccGBKDpp.ltrans0.ltrans.o
 .text.HAL_FLASH_Unlock.isra.0
                0x000000000800af64       0x20 /tmp/ccGBKDpp.ltrans0.ltrans.o
 .text.HAL_InitTick.isra.0
                0x000000000800af84       0xb4 /tmp/ccGBKDpp.ltrans0.ltrans.o
 .text._ZN4OLED11clearScreenEv
                0x000000000800b038       0x10 /tmp/ccGBKDpp.ltrans0.ltrans.o
 .text._Z8warnUserPKc11ButtonState
                0x000000000800b048       0x38 /tmp/ccGBKDpp.ltrans0.ltrans.o
 .text._Z17drawScrollingTextPKcm
                0x000000000800b080       0x9c /tmp/ccGBKDpp.ltrans0.ltrans.o
 .text.xTaskCreateStatic.constprop.0
                0x000000000800b11c      0x1e8 /tmp/ccGBKDpp.ltrans0.ltrans.o
 .text.osThreadCreate.constprop.0
                0x000000000800b304       0x26 /tmp/ccGBKDpp.ltrans0.ltrans.o
 *fill*         0x000000000800b32a        0x2 
 .text.startPIDTask
                0x000000000800b32c      0x250 /tmp/ccGBKDpp.ltrans0.ltrans.o
 .text._Z28pdbs_dpm_evaluate_capabilityPK6pd_msgPS_
                0x000000000800b57c      0x158 /tmp/ccGBKDpp.ltrans0.ltrans.o
 .text._ZN10ringbufferI6pd_msgLj4EE3popEPS0_.constprop.0
                0x000000000800b6d4       0x54 /tmp/ccGBKDpp.ltrans0.ltrans.o
 .text._ZN12PolicyEngine21pe_sink_wait_good_crcEv.constprop.0
                0x000000000800b728       0x6c /tmp/ccGBKDpp.ltrans0.ltrans.o
 .text._ZN16USBPowerDelivery4stepEv
                0x000000000800b794      0x724 /tmp/ccGBKDpp.ltrans0.ltrans.o
 .text.startPOWTask
                0x000000000800beb8      0x358 /tmp/ccGBKDpp.ltrans0.ltrans.o
 .text.xQueueGenericSend.constprop.0.isra.0
                0x000000000800c210      0x13c /tmp/ccGBKDpp.ltrans0.ltrans.o
 .text._ZN6I2CBB16unlockEv
                0x000000000800c34c        0xc /tmp/ccGBKDpp.ltrans0.ltrans.o
 .text._ZN6I2CBB15probeEh
                0x000000000800c358       0x24 /tmp/ccGBKDpp.ltrans0.ltrans.o
 .text._ZN6I2CBB18Mem_ReadEttPht
                0x000000000800c37c       0xb8 /tmp/ccGBKDpp.ltrans0.ltrans.o
 .text._Z13fusb_read_bufhhhPh
                0x000000000800c434        0xe /tmp/ccGBKDpp.ltrans0.ltrans.o
 .text._ZN6I2CBB19Mem_WriteEttPKht
                0x000000000800c442       0x62 /tmp/ccGBKDpp.ltrans0.ltrans.o
 .text._ZN6I2CBB118writeRegistersBulkEhPKNS_7I2C_REGEh
                0x000000000800c4a4       0x3e /tmp/ccGBKDpp.ltrans0.ltrans.o
 .text._Z14fusb_write_bufhhhPh
                0x000000000800c4e2        0xe /tmp/ccGBKDpp.ltrans0.ltrans.o
 .text._ZN6I2CBB26unlockEv
                0x000000000800c4f0        0xc /tmp/ccGBKDpp.ltrans0.ltrans.o
 .text._ZN6I2CBB29Mem_WriteEttPKht.constprop.0
                0x000000000800c4fc       0x4e /tmp/ccGBKDpp.ltrans0.ltrans.o
 *fill*         0x000000000800c54a        0x2 
 .text._ZN4OLED17setInverseDisplayEb
                0x000000000800c54c       0x30 /tmp/ccGBKDpp.ltrans0.ltrans.o
 .text._ZL18displayInvertColorv
                0x000000000800c57c       0x2c /tmp/ccGBKDpp.ltrans0.ltrans.o
 .text._ZN6I2CBB218writeRegistersBulkEhPKNS_7I2C_REGEh.constprop.0
                0x000000000800c5a8       0x36 /tmp/ccGBKDpp.ltrans0.ltrans.o
 *fill*         0x000000000800c5de        0x2 
 .text._ZN4OLED13setBrightnessEh
                0x000000000800c5e0       0x20 /tmp/ccGBKDpp.ltrans0.ltrans.o
 .text._ZL22displayBrightnessLevelv
                0x000000000800c600       0x30 /tmp/ccGBKDpp.ltrans0.ltrans.o
 .text._ZN6I2CBB28TransmitEtPht.constprop.0
                0x000000000800c630       0x40 /tmp/ccGBKDpp.ltrans0.ltrans.o
 .text._ZN4OLED7refreshEv
                0x000000000800c670       0x14 /tmp/ccGBKDpp.ltrans0.ltrans.o
 .text._ZL16userConfirmationPKc
                0x000000000800c684       0x30 /tmp/ccGBKDpp.ltrans0.ltrans.o
 .text._ZL12setCalibratev
                0x000000000800c6b4       0x30 /tmp/ccGBKDpp.ltrans0.ltrans.o
 .text._ZN4OLED15setDisplayStateENS_12DisplayStateE
                0x000000000800c6e4       0x2c /tmp/ccGBKDpp.ltrans0.ltrans.o
 .text._ZN4OLED11setRotationEb
                0x000000000800c710       0x64 /tmp/ccGBKDpp.ltrans0.ltrans.o
 .text.xQueueCreateMutexStatic.constprop.0
                0x000000000800c774       0x84 /tmp/ccGBKDpp.ltrans0.ltrans.o
 .text._Z12saveSettingsv
                0x000000000800c7f8       0xd8 /tmp/ccGBKDpp.ltrans0.ltrans.o
 .text._Z13guiHandleDrawv
                0x000000000800c8d0     0x1464 /tmp/ccGBKDpp.ltrans0.ltrans.o
 .text.startMOVTask
                0x000000000800dd34      0x400 /tmp/ccGBKDpp.ltrans0.ltrans.o
 .text._Z16sanitiseSettingsv
                0x000000000800e134       0x9c /tmp/ccGBKDpp.ltrans0.ltrans.o
 .text._ZL15setCalibrateVINv
                0x000000000800e1d0      0x120 /tmp/ccGBKDpp.ltrans0.ltrans.o
 .text._ZL16setResetSettingsv
                0x000000000800e2f0       0x54 /tmp/ccGBKDpp.ltrans0.ltrans.o
 .text._ZN4OLED30transitionSecondaryFramebufferEbm.constprop.0
                0x000000000800e344      0x124 /tmp/ccGBKDpp.ltrans0.ltrans.o
 .text.startGUITask
                0x000000000800e468      0x320 /tmp/ccGBKDpp.ltrans0.ltrans.o
 *fill*         0x000000000800e788        0x8 
 .text.SVC_Handler
                0x000000000800e790       0x24 /tmp/ccGBKDpp.ltrans0.ltrans.o
                0x000000000800e790                SVC_Handler
 *fill*         0x000000000800e7b4        0xc 
 .text.PendSV_Handler
                0x000000000800e7c0       0x44 /tmp/ccGBKDpp.ltrans0.ltrans.o
                0x000000000800e7c0                PendSV_Handler
 .text.NMI_Handler
                0x000000000800e804        0x2 /tmp/ccGBKDpp.ltrans0.ltrans.o
                0x000000000800e804                NMI_Handler
 .text.HardFault_Handler
                0x000000000800e806        0x2 /tmp/ccGBKDpp.ltrans0.ltrans.o
                0x000000000800e806                HardFault_Handler
 .text.MemManage_Handler
                0x000000000800e808        0x2 /tmp/ccGBKDpp.ltrans0.ltrans.o
                0x000000000800e808                MemManage_Handler
 .text.BusFault_Handler
                0x000000000800e80a        0x2 /tmp/ccGBKDpp.ltrans0.ltrans.o
                0x000000000800e80a                BusFault_Handler
 .text.UsageFault_Handler
                0x000000000800e80c        0x2 /tmp/ccGBKDpp.ltrans0.ltrans.o
                0x000000000800e80c                UsageFault_Handler
 .text.DebugMon_Handler
                0x000000000800e80e        0x2 /tmp/ccGBKDpp.ltrans0.ltrans.o
                0x000000000800e80e                DebugMon_Handler
 .text.SysTick_Handler
                0x000000000800e810       0x34 /tmp/ccGBKDpp.ltrans0.ltrans.o
                0x000000000800e810                SysTick_Handler
 .text.DMA1_Channel1_IRQHandler
                0x000000000800e844      0x12c /tmp/ccGBKDpp.ltrans0.ltrans.o
                0x000000000800e844                DMA1_Channel1_IRQHandler
 .text.ADC1_2_IRQHandler
                0x000000000800e970       0xe0 /tmp/ccGBKDpp.ltrans0.ltrans.o
                0x000000000800e970                ADC1_2_IRQHandler
 .text.TIM4_IRQHandler
                0x000000000800ea50       0xd8 /tmp/ccGBKDpp.ltrans0.ltrans.o
                0x000000000800ea50                TIM4_IRQHandler
 .text.EXTI9_5_IRQHandler
                0x000000000800eb28       0xe0 /tmp/ccGBKDpp.ltrans0.ltrans.o
                0x000000000800eb28                EXTI9_5_IRQHandler
 .text.SystemInit
                0x000000000800ec08       0x4c /tmp/ccGBKDpp.ltrans0.ltrans.o
                0x000000000800ec08                SystemInit
 .text.vTaskSwitchContext
                0x000000000800ec54       0xa0 /tmp/ccGBKDpp.ltrans0.ltrans.o
                0x000000000800ec54                vTaskSwitchContext
 .text.startup.main
                0x000000000800ecf4      0xdb4 /tmp/ccGBKDpp.ltrans0.ltrans.o
                0x000000000800ecf4                main
 .text.startup._sub_I_65535_0.0
                0x000000000800faa8       0x90 /tmp/ccGBKDpp.ltrans0.ltrans.o
 .text.__libc_init_array
                0x000000000800fb38       0x48 /usr/lib/gcc/arm-none-eabi/11.2.0/../../../../arm-none-eabi/lib/thumb/v7-m/nofp/libc_nano.a(lib_a-init.o)
                0x000000000800fb38                __libc_init_array
 .text.memset   0x000000000800fb80       0x10 /usr/lib/gcc/arm-none-eabi/11.2.0/../../../../arm-none-eabi/lib/thumb/v7-m/nofp/libc_nano.a(lib_a-memset.o)
                0x000000000800fb80                memset
 .text.memcmp   0x000000000800fb90       0x20 /usr/lib/gcc/arm-none-eabi/11.2.0/../../../../arm-none-eabi/lib/thumb/v7-m/nofp/libc_nano.a(lib_a-memcmp.o)
                0x000000000800fb90                memcmp
 .text.memcpy   0x000000000800fbb0       0x1c /usr/lib/gcc/arm-none-eabi/11.2.0/../../../../arm-none-eabi/lib/thumb/v7-m/nofp/libc_nano.a(lib_a-memcpy-stub.o)
                0x000000000800fbb0                memcpy
 .text.memmove  0x000000000800fbcc       0x34 /usr/lib/gcc/arm-none-eabi/11.2.0/../../../../arm-none-eabi/lib/thumb/v7-m/nofp/libc_nano.a(lib_a-memmove.o)
                0x000000000800fbcc                memmove
 *(.glue_7)
 .glue_7        0x000000000800fc00        0x0 linker stubs
 *(.glue_7t)
 .glue_7t       0x000000000800fc00        0x0 linker stubs
 *(.eh_frame)
 .eh_frame      0x000000000800fc00        0x0 /usr/lib/gcc/arm-none-eabi/11.2.0/thumb/v7-m/nofp/crtbegin.o
 *(.init)
 .init          0x000000000800fc00        0x4 /usr/lib/gcc/arm-none-eabi/11.2.0/thumb/v7-m/nofp/crti.o
                0x000000000800fc00                _init
 .init          0x000000000800fc04        0x8 /usr/lib/gcc/arm-none-eabi/11.2.0/thumb/v7-m/nofp/crtn.o
 *(.fini)
 .fini          0x000000000800fc0c        0x4 /usr/lib/gcc/arm-none-eabi/11.2.0/thumb/v7-m/nofp/crti.o
                0x000000000800fc0c                _fini
 .fini          0x000000000800fc10        0x8 /usr/lib/gcc/arm-none-eabi/11.2.0/thumb/v7-m/nofp/crtn.o
                0x000000000800fc18                . = ALIGN (0x4)
                0x000000000800fc18                _etext = .

.vfp11_veneer   0x000000000800fc18        0x0
 .vfp11_veneer  0x000000000800fc18        0x0 linker stubs

.v4_bx          0x000000000800fc18        0x0
 .v4_bx         0x000000000800fc18        0x0 linker stubs

.iplt           0x000000000800fc18        0x0
 .iplt          0x000000000800fc18        0x0 /usr/lib/gcc/arm-none-eabi/11.2.0/thumb/v7-m/nofp/crtbegin.o

.rodata         0x000000000800fc18     0x2550
                0x000000000800fc18                . = ALIGN (0x4)
 *(.rodata)
 .rodata        0x000000000800fc18        0x6 /tmp/ccGBKDpp.ltrans0.ltrans.o
 *(.rodata*)
 .rodata._ZN4OLED14printSymbolDegE9FontStyle.str1.1
                0x000000000800fc1e        0x6 /tmp/ccGBKDpp.ltrans0.ltrans.o
                                          0x8 (size before relaxing)
 .rodata._ZL19displayShutdownTimev.str1.1
                0x000000000800fc24        0x2 /tmp/ccGBKDpp.ltrans0.ltrans.o
 .rodata._ZL15displayLogoTimev.str1.1
                0x000000000800fc26        0x2 /tmp/ccGBKDpp.ltrans0.ltrans.o
 .rodata._ZL17displayPowerLimitv.str1.1
                0x000000000800fc28        0x2 /tmp/ccGBKDpp.ltrans0.ltrans.o
 .rodata._ZL17displayPowerPulsev.str1.1
                0x000000000800fc2a        0x2 /tmp/ccGBKDpp.ltrans0.ltrans.o
 .rodata._Z12printVoltagev.str1.1
                0x000000000800fc2c        0x2 /tmp/ccGBKDpp.ltrans0.ltrans.o
 .rodata._Z19detailedPowerStatusv.str1.1
                0x000000000800fc2e        0x4 /tmp/ccGBKDpp.ltrans0.ltrans.o
                                          0x6 (size before relaxing)
 .rodata._Z13guiHandleDrawv.str1.1
                0x000000000800fc32       0x18 /tmp/ccGBKDpp.ltrans0.ltrans.o
 .rodata._ZL15setCalibrateVINv.str1.1
                0x000000000800fc4a        0x2 /tmp/ccGBKDpp.ltrans0.ltrans.o
 .rodata.main.str1.1
                0x000000000800fc4c       0x16 /tmp/ccGBKDpp.ltrans0.ltrans.o
 .rodata.str1.1
                0x000000000800fc62      0x109 /tmp/ccGBKDpp.ltrans0.ltrans.o
 .rodata.AHBPrescTable
                0x000000000800fd6b       0x10 /tmp/ccGBKDpp.ltrans0.ltrans.o
 .rodata.APBPrescTable
                0x000000000800fd7b        0x8 /tmp/ccGBKDpp.ltrans0.ltrans.o
 *fill*         0x000000000800fd83        0x1 
 .rodata.AccelTypeNames
                0x000000000800fd84       0x24 /tmp/ccGBKDpp.ltrans0.ltrans.o
 .rodata.DebugMenu
                0x000000000800fda8       0x44 /tmp/ccGBKDpp.ltrans0.ltrans.o
 .rodata.PowerSourceNames
                0x000000000800fdec       0x10 /tmp/ccGBKDpp.ltrans0.ltrans.o
 .rodata._ZL10RepeatOnce
                0x000000000800fdfc       0x20 /tmp/ccGBKDpp.ltrans0.ltrans.o
 .rodata._ZL11translation
                0x000000000800fe1c      0xc16 /tmp/ccGBKDpp.ltrans0.ltrans.o
 .rodata._ZL12USER_FONT_12
                0x0000000008010a32      0x6f0 /tmp/ccGBKDpp.ltrans0.ltrans.o
 *fill*         0x0000000008011122        0x2 
 .rodata._ZL12advancedMenu
                0x0000000008011124       0xa0 /tmp/ccGBKDpp.ltrans0.ltrans.o
 .rodata._ZL13USER_FONT_6x8
                0x00000000080111c4      0x174 /tmp/ccGBKDpp.ltrans0.ltrans.o
 .rodata._ZL13i2c_registers.lto_priv.0
                0x0000000008011338        0xf /tmp/ccGBKDpp.ltrans0.ltrans.o
 .rodata._ZL13i2c_registers.lto_priv.1
                0x0000000008011347       0x24 /tmp/ccGBKDpp.ltrans0.ltrans.o
 *fill*         0x000000000801136b        0x1 
 .rodata._ZL13solderingMenu
                0x000000000801136c      0x190 /tmp/ccGBKDpp.ltrans0.ltrans.o
 .rodata._ZL14ExtraFontChars
                0x00000000080114fc      0x1b0 /tmp/ccGBKDpp.ltrans0.ltrans.o
 .rodata._ZL15NTCHandleLookup
                0x00000000080116ac      0x500 /tmp/ccGBKDpp.ltrans0.ltrans.o
 .rodata._ZL15PowerSavingMenu
                0x0000000008011bac       0x3c /tmp/ccGBKDpp.ltrans0.ltrans.o
 .rodata._ZL15UnavailableIcon
                0x0000000008011be8       0x20 /tmp/ccGBKDpp.ltrans0.ltrans.o
 .rodata._ZL15disconnectedTip
                0x0000000008011c08       0x54 /tmp/ccGBKDpp.ltrans0.ltrans.o
 .rodata._ZL16REFRESH_COMMANDS
                0x0000000008011c5c       0x11 /tmp/ccGBKDpp.ltrans0.ltrans.o
 .rodata._ZL17SettingsMenuIcons
                0x0000000008011c6d      0x1e0 /tmp/ccGBKDpp.ltrans0.ltrans.o
 .rodata._ZL17i2c_registers_alt
                0x0000000008011e4d       0x24 /tmp/ccGBKDpp.ltrans0.ltrans.o
 *fill*         0x0000000008011e71        0x3 
 .rodata._ZL6UIMenu
                0x0000000008011e74       0xf0 /tmp/ccGBKDpp.ltrans0.ltrans.o
 .rodata._ZL7buttonA
                0x0000000008011f64       0x54 /tmp/ccGBKDpp.ltrans0.ltrans.o
 .rodata._ZL7buttonB
                0x0000000008011fb8       0x54 /tmp/ccGBKDpp.ltrans0.ltrans.o
 .rodata._ZL9RepeatInf
                0x000000000801200c       0x20 /tmp/ccGBKDpp.ltrans0.ltrans.o
 .rodata._ZL9powerMenu
                0x000000000801202c       0x3c /tmp/ccGBKDpp.ltrans0.ltrans.o
 .rodata._ZZNK7FUSB30217fusb_send_messageEPK6pd_msgE7eop_seq
                0x0000000008012068        0x4 /tmp/ccGBKDpp.ltrans0.ltrans.o
 .rodata.os_thread_def_GUITask.3
                0x000000000801206c       0x1c /tmp/ccGBKDpp.ltrans0.ltrans.o
 .rodata.os_thread_def_MOVTask.2
                0x0000000008012088       0x1c /tmp/ccGBKDpp.ltrans0.ltrans.o
 .rodata.os_thread_def_PIDTask.0
                0x00000000080120a4       0x1c /tmp/ccGBKDpp.ltrans0.ltrans.o
 .rodata.os_thread_def_POWTask.1
                0x00000000080120c0       0x1c /tmp/ccGBKDpp.ltrans0.ltrans.o
 .rodata.rootSettingsMenu
                0x00000000080120dc       0x78 /tmp/ccGBKDpp.ltrans0.ltrans.o
 .rodata.subSettingsMenus
                0x0000000008012154       0x14 /tmp/ccGBKDpp.ltrans0.ltrans.o
                0x0000000008012168                . = ALIGN (0x4)

.rel.dyn        0x0000000008012168        0x0
 .rel.iplt      0x0000000008012168        0x0 /usr/lib/gcc/arm-none-eabi/11.2.0/thumb/v7-m/nofp/crtbegin.o

.ARM.extab      0x0000000008012168        0x0
                0x0000000008012168                . = ALIGN (0x4)
 *(.ARM.extab* .gnu.linkonce.armextab.*)
                0x0000000008012168                . = ALIGN (0x4)

.ARM            0x0000000008012168        0x0
                0x0000000008012168                . = ALIGN (0x4)
                0x0000000008012168                __exidx_start = .
 *(.ARM.exidx*)
                0x0000000008012168                __exidx_end = .
                0x0000000008012168                . = ALIGN (0x4)

.preinit_array  0x0000000008012168        0x0
                0x0000000008012168                . = ALIGN (0x4)
                0x0000000008012168                PROVIDE (__preinit_array_start = .)
 *(.preinit_array*)
                0x0000000008012168                PROVIDE (__preinit_array_end = .)
                0x0000000008012168                . = ALIGN (0x4)

.init_array     0x0000000008012168        0x8
                0x0000000008012168                . = ALIGN (0x4)
                0x0000000008012168                PROVIDE (__init_array_start = .)
 *(SORT_BY_NAME(.init_array.*))
 *(.init_array*)
 .init_array    0x0000000008012168        0x4 /usr/lib/gcc/arm-none-eabi/11.2.0/thumb/v7-m/nofp/crtbegin.o
 .init_array    0x000000000801216c        0x4 /tmp/ccGBKDpp.ltrans0.ltrans.o
                0x0000000008012170                PROVIDE (__init_array_end = .)
                0x0000000008012170                . = ALIGN (0x4)

.fini_array     0x0000000008012170        0x4
                0x0000000008012170                . = ALIGN (0x4)
                0x0000000008012170                PROVIDE (__fini_array_start = .)
 *(SORT_BY_NAME(.fini_array.*))
 *(.fini_array*)
 .fini_array    0x0000000008012170        0x4 /usr/lib/gcc/arm-none-eabi/11.2.0/thumb/v7-m/nofp/crtbegin.o
                0x0000000008012174                PROVIDE (__fini_array_end = .)
                0x0000000008012174                . = ALIGN (0x4)
                0x0000000008012174                _sidata = LOADADDR (.data)

.data           0x0000000020000000      0x214 load address 0x0000000008012174
                0x0000000020000000                . = ALIGN (0x4)
                0x0000000020000000                _sdata = .
 *(.data)
 *(.data*)
 .data.I2C_DELAY
                0x0000000020000000        0x2 /tmp/ccGBKDpp.ltrans0.ltrans.o
 .data.OLED_Setup_Array
                0x0000000020000002       0x4b /tmp/ccGBKDpp.ltrans0.ltrans.o
 *fill*         0x000000002000004d        0x3 
 .data.SystemCoreClock
                0x0000000020000050        0x4 /tmp/ccGBKDpp.ltrans0.ltrans.o
 .data._ZL17settingsConstants
                0x0000000020000054      0x1a8 /tmp/ccGBKDpp.ltrans0.ltrans.o
 .data._ZZ12setStatusLEDE9lastState
                0x00000000200001fc        0x1 /tmp/ccGBKDpp.ltrans0.ltrans.o
 .data._ZZ18getInputVoltageX10E13preFillneeded
                0x00000000200001fd        0x1 /tmp/ccGBKDpp.ltrans0.ltrans.o
 .data._ZZ24shouldBeUsingFastPWMModehE14lastPWMWasFast
                0x00000000200001fe        0x1 /tmp/ccGBKDpp.ltrans0.ltrans.o
 *fill*         0x00000000200001ff        0x1 
 .data._ZZL11displayMenujE16menuCurrentIndex
                0x0000000020000200        0x4 /tmp/ccGBKDpp.ltrans0.ltrans.o
 .data._ZZNK7FUSB30217fusb_send_messageEPK6pd_msgE7sop_seq
                0x0000000020000204        0x5 /tmp/ccGBKDpp.ltrans0.ltrans.o
 *fill*         0x0000000020000209        0x3 
 .data.currentOperatingMode
                0x000000002000020c        0x4 /tmp/ccGBKDpp.ltrans0.ltrans.o
 .data.uxCriticalNesting
                0x0000000020000210        0x4 /tmp/ccGBKDpp.ltrans0.ltrans.o
                0x0000000020000214                . = ALIGN (0x4)
                0x0000000020000214                _edata = .

.igot.plt       0x0000000020000214        0x0 load address 0x0000000008012388
 .igot.plt      0x0000000020000214        0x0 /usr/lib/gcc/arm-none-eabi/11.2.0/thumb/v7-m/nofp/crtbegin.o

.bss            0x0000000020000218     0x2c20 load address 0x0000000008012388
                0x0000000020000218                . = ALIGN (0x4)
                0x0000000020000218                _sbss = .
                0x0000000020000218                __bss_start__ = _sbss
 *(.bss)
 *(.bss*)
 .bss.completed.1
                0x0000000020000218        0x1 /usr/lib/gcc/arm-none-eabi/11.2.0/thumb/v7-m/nofp/crtbegin.o
 *fill*         0x0000000020000219        0x3 
 .bss.object.0  0x000000002000021c       0x18 /usr/lib/gcc/arm-none-eabi/11.2.0/thumb/v7-m/nofp/crtbegin.o
 .bss.ADCReadings
                0x0000000020000234      0x100 /tmp/ccGBKDpp.ltrans0.ltrans.o
 .bss.DetectedAccelerometerVersion
                0x0000000020000334        0x4 /tmp/ccGBKDpp.ltrans0.ltrans.o
 .bss.GUITaskBuffer
                0x0000000020000338      0x800 /tmp/ccGBKDpp.ltrans0.ltrans.o
 .bss.GUITaskControlBlock
                0x0000000020000b38       0x64 /tmp/ccGBKDpp.ltrans0.ltrans.o
 .bss.GUITaskHandle
                0x0000000020000b9c        0x4 /tmp/ccGBKDpp.ltrans0.ltrans.o
 .bss.MOVTaskBuffer
                0x0000000020000ba0      0x800 /tmp/ccGBKDpp.ltrans0.ltrans.o
 .bss.MOVTaskControlBlock
                0x00000000200013a0       0x64 /tmp/ccGBKDpp.ltrans0.ltrans.o
 .bss.MOVTaskHandle
                0x0000000020001404        0x4 /tmp/ccGBKDpp.ltrans0.ltrans.o
 .bss.PIDTaskBuffer
                0x0000000020001408      0x800 /tmp/ccGBKDpp.ltrans0.ltrans.o
 .bss.PIDTaskControlBlock
                0x0000000020001c08       0x64 /tmp/ccGBKDpp.ltrans0.ltrans.o
 .bss.PIDTaskHandle
                0x0000000020001c6c        0x4 /tmp/ccGBKDpp.ltrans0.ltrans.o
 .bss.POWTaskBuffer
                0x0000000020001c70      0x400 /tmp/ccGBKDpp.ltrans0.ltrans.o
 .bss.POWTaskControlBlock
                0x0000000020002070       0x64 /tmp/ccGBKDpp.ltrans0.ltrans.o
 .bss.POWTaskHandle
                0x00000000200020d4        0x4 /tmp/ccGBKDpp.ltrans0.ltrans.o
 .bss._ZN16USBPowerDelivery14detectionStateE
                0x00000000200020d8        0x4 /tmp/ccGBKDpp.ltrans0.ltrans.o
 .bss._ZN4OLED12displayStateE
                0x00000000200020dc        0x1 /tmp/ccGBKDpp.ltrans0.ltrans.o
 .bss._ZN4OLED12screenBufferE
                0x00000000200020dd       0xda /tmp/ccGBKDpp.ltrans0.ltrans.o
 *fill*         0x00000000200021b7        0x1 
 .bss._ZN4OLED13stripPointersE
                0x00000000200021b8       0x10 /tmp/ccGBKDpp.ltrans0.ltrans.o
 .bss._ZN4OLED15displayChecksumE
                0x00000000200021c8        0x4 /tmp/ccGBKDpp.ltrans0.ltrans.o
 .bss._ZN4OLED16inLeftHandedModeE
                0x00000000200021cc        0x1 /tmp/ccGBKDpp.ltrans0.ltrans.o
 .bss._ZN4OLED17secondFrameBufferE
                0x00000000200021cd       0xda /tmp/ccGBKDpp.ltrans0.ltrans.o
 *fill*         0x00000000200022a7        0x1 
 .bss._ZN4OLED8cursor_xE
                0x00000000200022a8        0x2 /tmp/ccGBKDpp.ltrans0.ltrans.o
 .bss._ZN4OLED8cursor_yE
                0x00000000200022aa        0x2 /tmp/ccGBKDpp.ltrans0.ltrans.o
 .bss._ZN6I2CBB112I2CSemaphoreE
                0x00000000200022ac        0x4 /tmp/ccGBKDpp.ltrans0.ltrans.o
 .bss._ZN6I2CBB116xSemaphoreBufferE
                0x00000000200022b0       0x48 /tmp/ccGBKDpp.ltrans0.ltrans.o
 .bss._ZN6I2CBB212I2CSemaphoreE
                0x00000000200022f8        0x4 /tmp/ccGBKDpp.ltrans0.ltrans.o
 .bss._ZN6I2CBB216xSemaphoreBufferE
                0x00000000200022fc       0x48 /tmp/ccGBKDpp.ltrans0.ltrans.o
 .bss._ZN6SC7A2017isInImitationModeE
                0x0000000020002344        0x1 /tmp/ccGBKDpp.ltrans0.ltrans.o
 .bss._ZZ14getButtonStatevE11longPressed
                0x0000000020002345        0x1 /tmp/ccGBKDpp.ltrans0.ltrans.o
 .bss._ZZ14getButtonStatevE13previousState
                0x0000000020002346        0x1 /tmp/ccGBKDpp.ltrans0.ltrans.o
 *fill*         0x0000000020002347        0x1 
 .bss._ZZ14getButtonStatevE19previousStateChange
                0x0000000020002348        0x4 /tmp/ccGBKDpp.ltrans0.ltrans.o
 .bss._ZZ17isTipDisconnectedE21lastDisconnectedState
                0x000000002000234c        0x1 /tmp/ccGBKDpp.ltrans0.ltrans.o
 .bss._ZZ18getInputVoltageX10E5index
                0x000000002000234d        0x1 /tmp/ccGBKDpp.ltrans0.ltrans.o
 *fill*         0x000000002000234e        0x2 
 .bss._ZZ18getInputVoltageX10E7samples
                0x0000000020002350       0x20 /tmp/ccGBKDpp.ltrans0.ltrans.o
 .bss._ZZ24HAL_ADC_ConvCpltCallbackE7counter
                0x0000000020002370        0x1 /tmp/ccGBKDpp.ltrans0.ltrans.o
 *fill*         0x0000000020002371        0x1 
 .bss._ZZ25performTipMeasurementStepbE16adcReadingPD1Set
                0x0000000020002372        0x2 /tmp/ccGBKDpp.ltrans0.ltrans.o
 .bss._ZZ25performTipMeasurementStepbE8lastMeas
                0x0000000020002374        0x4 /tmp/ccGBKDpp.ltrans0.ltrans.o
 .bss._ZZL11displayMenujE18menuSwitchLoopTick
                0x0000000020002378        0x4 /tmp/ccGBKDpp.ltrans0.ltrans.o
 .bss._ZZL20detectThermalRunawayllE19tipTempCRunawayTemp
                0x000000002000237c        0x4 /tmp/ccGBKDpp.ltrans0.ltrans.o
 .bss._ZZL20detectThermalRunawayllE21runawaylastChangeTime
                0x0000000020002380        0x4 /tmp/ccGBKDpp.ltrans0.ltrans.o
 .bss._ZZL20getPIDResultX10WattsllE10powerStore
                0x0000000020002384        0x4 /tmp/ccGBKDpp.ltrans0.ltrans.o
 .bss._ZZL20getPIDResultX10WattsllE8lastCall
                0x0000000020002388        0x4 /tmp/ccGBKDpp.ltrans0.ltrans.o
 .bss._ZZL27setOutputx10WattsViaFilterslE15x10WattsOutLast
                0x000000002000238c        0x4 /tmp/ccGBKDpp.ltrans0.ltrans.o
 .bss._ZZL27setOutputx10WattsViaFilterslE17lastPowerPulseEnd
                0x0000000020002390        0x4 /tmp/ccGBKDpp.ltrans0.ltrans.o
 .bss._ZZL27setOutputx10WattsViaFilterslE19lastPowerPulseStart
                0x0000000020002394        0x4 /tmp/ccGBKDpp.ltrans0.ltrans.o
 .bss._ZZN4OLED8drawCharEt9FontStyleE10fontHeight
                0x0000000020002398        0x1 /tmp/ccGBKDpp.ltrans0.ltrans.o
 .bss._ZZN4OLED8drawCharEt9FontStyleE9fontWidth
                0x0000000020002399        0x1 /tmp/ccGBKDpp.ltrans0.ltrans.o
 .bss._ZZNK7FUSB30217fusb_read_messageEP6pd_msgE7garbage
                0x000000002000239a        0x4 /tmp/ccGBKDpp.ltrans0.ltrans.o
 .bss.accelInit
                0x000000002000239e        0x1 /tmp/ccGBKDpp.ltrans0.ltrans.o
 .bss.buttonAF  0x000000002000239f       0x54 /tmp/ccGBKDpp.ltrans0.ltrans.o
 .bss.buttonBF  0x00000000200023f3       0x54 /tmp/ccGBKDpp.ltrans0.ltrans.o
 *fill*         0x0000000020002447        0x1 
 .bss.context   0x0000000020002448       0x1c /tmp/ccGBKDpp.ltrans0.ltrans.o
 .bss.currentTempTargetDegC
                0x0000000020002464        0x4 /tmp/ccGBKDpp.ltrans0.ltrans.o
 .bss.disconnectedTipF
                0x0000000020002468       0x54 /tmp/ccGBKDpp.ltrans0.ltrans.o
 .bss.fusb      0x00000000200024bc       0x10 /tmp/ccGBKDpp.ltrans0.ltrans.o
 .bss.hadc1     0x00000000200024cc       0x30 /tmp/ccGBKDpp.ltrans0.ltrans.o
 .bss.hadc2     0x00000000200024fc       0x30 /tmp/ccGBKDpp.ltrans0.ltrans.o
 .bss.haveSeenCapabilityOffer
                0x000000002000252c        0x1 /tmp/ccGBKDpp.ltrans0.ltrans.o
 *fill*         0x000000002000252d        0x3 
 .bss.hdma_adc1
                0x0000000020002530       0x44 /tmp/ccGBKDpp.ltrans0.ltrans.o
 .bss.heaterThermalRunaway
                0x0000000020002574        0x1 /tmp/ccGBKDpp.ltrans0.ltrans.o
 *fill*         0x0000000020002575        0x3 
 .bss.hiwdg     0x0000000020002578        0xc /tmp/ccGBKDpp.ltrans0.ltrans.o
 .bss.htim2     0x0000000020002584       0x48 /tmp/ccGBKDpp.ltrans0.ltrans.o
 .bss.htim3     0x00000000200025cc       0x48 /tmp/ccGBKDpp.ltrans0.ltrans.o
 .bss.htim4     0x0000000020002614       0x48 /tmp/ccGBKDpp.ltrans0.ltrans.o
 .bss.lastButtonTime
                0x000000002000265c        0x4 /tmp/ccGBKDpp.ltrans0.ltrans.o
 .bss.lastCapabilities
                0x0000000020002660       0x2c /tmp/ccGBKDpp.ltrans0.ltrans.o
 .bss.lastMovementTime
                0x000000002000268c        0x4 /tmp/ccGBKDpp.ltrans0.ltrans.o
 .bss.lastuv    0x0000000020002690        0x4 /tmp/ccGBKDpp.ltrans0.ltrans.o
 *fill*         0x0000000020002694        0x4 
 .bss.pFlash    0x0000000020002698       0x20 /tmp/ccGBKDpp.ltrans0.ltrans.o
 .bss.pe        0x00000000200026b8      0x174 /tmp/ccGBKDpp.ltrans0.ltrans.o
 .bss.pidTaskNotification
                0x000000002000282c        0x4 /tmp/ccGBKDpp.ltrans0.ltrans.o
 .bss.powerSupplyWattageLimit
                0x0000000020002830        0x4 /tmp/ccGBKDpp.ltrans0.ltrans.o
 .bss.pxCurrentTCB
                0x0000000020002834        0x4 /tmp/ccGBKDpp.ltrans0.ltrans.o
                0x0000000020002834                pxCurrentTCB
 .bss.pxDelayedTaskList
                0x0000000020002838        0x4 /tmp/ccGBKDpp.ltrans0.ltrans.o
 .bss.pxOverflowDelayedTaskList
                0x000000002000283c        0x4 /tmp/ccGBKDpp.ltrans0.ltrans.o
 .bss.pxReadyTasksLists
                0x0000000020002840       0x78 /tmp/ccGBKDpp.ltrans0.ltrans.o
 .bss.rawTempFilter
                0x00000000200028b8       0x28 /tmp/ccGBKDpp.ltrans0.ltrans.o
 .bss.settingsWereReset
                0x00000000200028e0        0x1 /tmp/ccGBKDpp.ltrans0.ltrans.o
 *fill*         0x00000000200028e1        0x3 
 .bss.systemSettings
                0x00000000200028e4       0x74 /tmp/ccGBKDpp.ltrans0.ltrans.o
 .bss.tipMeasurementOccuring
                0x0000000020002958        0x1 /tmp/ccGBKDpp.ltrans0.ltrans.o
 *fill*         0x0000000020002959        0x1 
 .bss.tipSenseResistancex10Ohms
                0x000000002000295a        0x2 /tmp/ccGBKDpp.ltrans0.ltrans.o
 .bss.ucMaxSysCallPriority
                0x000000002000295c        0x1 /tmp/ccGBKDpp.ltrans0.ltrans.o
 *fill*         0x000000002000295d        0x3 
 .bss.ulMaxPRIGROUPValue
                0x0000000020002960        0x4 /tmp/ccGBKDpp.ltrans0.ltrans.o
 .bss.uwTick    0x0000000020002964        0x4 /tmp/ccGBKDpp.ltrans0.ltrans.o
 .bss.uxCurrentNumberOfTasks
                0x0000000020002968        0x4 /tmp/ccGBKDpp.ltrans0.ltrans.o
 .bss.uxSchedulerSuspended
                0x000000002000296c        0x4 /tmp/ccGBKDpp.ltrans0.ltrans.o
 .bss.uxTaskNumber
                0x0000000020002970        0x4 /tmp/ccGBKDpp.ltrans0.ltrans.o
 .bss.uxTopReadyPriority
                0x0000000020002974        0x4 /tmp/ccGBKDpp.ltrans0.ltrans.o
 .bss.ws2812    0x0000000020002978        0x3 /tmp/ccGBKDpp.ltrans0.ltrans.o
 *fill*         0x000000002000297b        0x1 
 .bss.x10WattHistory
                0x000000002000297c        0x4 /tmp/ccGBKDpp.ltrans0.ltrans.o
 .bss.xDelayedTaskList1
                0x0000000020002980       0x14 /tmp/ccGBKDpp.ltrans0.ltrans.o
 .bss.xDelayedTaskList2
                0x0000000020002994       0x14 /tmp/ccGBKDpp.ltrans0.ltrans.o
 .bss.xIdleStack
                0x00000000200029a8      0x400 /tmp/ccGBKDpp.ltrans0.ltrans.o
 .bss.xIdleTaskTCBBuffer
                0x0000000020002da8       0x64 /tmp/ccGBKDpp.ltrans0.ltrans.o
 .bss.xNextTaskUnblockTime
                0x0000000020002e0c        0x4 /tmp/ccGBKDpp.ltrans0.ltrans.o
 .bss.xNumOfOverflows
                0x0000000020002e10        0x4 /tmp/ccGBKDpp.ltrans0.ltrans.o
 .bss.xPendedTicks
                0x0000000020002e14        0x4 /tmp/ccGBKDpp.ltrans0.ltrans.o
 .bss.xPendingReadyList
                0x0000000020002e18       0x14 /tmp/ccGBKDpp.ltrans0.ltrans.o
 .bss.xSchedulerRunning
                0x0000000020002e2c        0x4 /tmp/ccGBKDpp.ltrans0.ltrans.o
 .bss.xTickCount
                0x0000000020002e30        0x4 /tmp/ccGBKDpp.ltrans0.ltrans.o
 .bss.xYieldPending
                0x0000000020002e34        0x4 /tmp/ccGBKDpp.ltrans0.ltrans.o
 *(COMMON)
                0x0000000020002e38                . = ALIGN (0x4)
                0x0000000020002e38                _ebss = .
                0x0000000020002e38                __bss_end__ = _ebss

._user_heap_stack
                0x0000000020002e38      0x700 load address 0x0000000008012388
                0x0000000020002e38                . = ALIGN (0x8)
                [!provide]                        PROVIDE (end = .)
                [!provide]                        PROVIDE (_end = .)
                0x0000000020003138                . = (. + _Min_Heap_Size)
 *fill*         0x0000000020002e38      0x300 
                0x0000000020003538                . = (. + _Min_Stack_Size)
 *fill*         0x0000000020003138      0x400 
                0x0000000020003538                . = ALIGN (0x8)

/DISCARD/
 libc.a(*)
 libm.a(*)
 libgcc.a(*)

.ARM.attributes
                0x0000000000000000       0x2b
 *(.ARM.attributes)
 .ARM.attributes
                0x0000000000000000       0x1d /usr/lib/gcc/arm-none-eabi/11.2.0/thumb/v7-m/nofp/crti.o
 .ARM.attributes
                0x000000000000001d       0x2d /usr/lib/gcc/arm-none-eabi/11.2.0/thumb/v7-m/nofp/crtbegin.o
 .ARM.attributes
                0x000000000000004a       0x21 Objects/MHP30/./Core/BSP/MHP30/Startup/startup_stm32f103t8ux.o
 .ARM.attributes
                0x000000000000006b       0x27 /tmp/ccGBKDpp.ltrans0.ltrans.o
 .ARM.attributes
                0x0000000000000092       0x2d /usr/lib/gcc/arm-none-eabi/11.2.0/../../../../arm-none-eabi/lib/thumb/v7-m/nofp/libc_nano.a(lib_a-init.o)
 .ARM.attributes
                0x00000000000000bf       0x2d /usr/lib/gcc/arm-none-eabi/11.2.0/../../../../arm-none-eabi/lib/thumb/v7-m/nofp/libc_nano.a(lib_a-memset.o)
 .ARM.attributes
                0x00000000000000ec       0x2d /usr/lib/gcc/arm-none-eabi/11.2.0/../../../../arm-none-eabi/lib/thumb/v7-m/nofp/libc_nano.a(lib_a-memcmp.o)
 .ARM.attributes
                0x0000000000000119       0x2d /usr/lib/gcc/arm-none-eabi/11.2.0/../../../../arm-none-eabi/lib/thumb/v7-m/nofp/libc_nano.a(lib_a-memcpy-stub.o)
 .ARM.attributes
                0x0000000000000146       0x2d /usr/lib/gcc/arm-none-eabi/11.2.0/../../../../arm-none-eabi/lib/thumb/v7-m/nofp/libc_nano.a(lib_a-memmove.o)
 .ARM.attributes
                0x0000000000000173       0x1d /usr/lib/gcc/arm-none-eabi/11.2.0/thumb/v7-m/nofp/crtn.o
OUTPUT(Hexfile/MHP30_EN.elf elf32-littlearm)
LOAD linker stubs
LOAD /usr/lib/gcc/arm-none-eabi/11.2.0/../../../../arm-none-eabi/lib/thumb/v7-m/nofp/libc.a
LOAD /usr/lib/gcc/arm-none-eabi/11.2.0/../../../../arm-none-eabi/lib/thumb/v7-m/nofp/libm.a
LOAD /usr/lib/gcc/arm-none-eabi/11.2.0/thumb/v7-m/nofp/libgcc.a

.comment        0x0000000000000000       0x1b
 .comment       0x0000000000000000       0x1b /usr/lib/gcc/arm-none-eabi/11.2.0/thumb/v7-m/nofp/crtbegin.o
                                         0x1c (size before relaxing)
 .comment       0x000000000000001b       0x1c /tmp/ccGBKDpp.ltrans0.ltrans.o
 .comment       0x000000000000001b       0x1c /usr/lib/gcc/arm-none-eabi/11.2.0/../../../../arm-none-eabi/lib/thumb/v7-m/nofp/libc_nano.a(lib_a-init.o)
 .comment       0x000000000000001b       0x1c /usr/lib/gcc/arm-none-eabi/11.2.0/../../../../arm-none-eabi/lib/thumb/v7-m/nofp/libc_nano.a(lib_a-memset.o)
 .comment       0x000000000000001b       0x1c /usr/lib/gcc/arm-none-eabi/11.2.0/../../../../arm-none-eabi/lib/thumb/v7-m/nofp/libc_nano.a(lib_a-memcmp.o)
 .comment       0x000000000000001b       0x1c /usr/lib/gcc/arm-none-eabi/11.2.0/../../../../arm-none-eabi/lib/thumb/v7-m/nofp/libc_nano.a(lib_a-memcpy-stub.o)
 .comment       0x000000000000001b       0x1c /usr/lib/gcc/arm-none-eabi/11.2.0/../../../../arm-none-eabi/lib/thumb/v7-m/nofp/libc_nano.a(lib_a-memmove.o)
